ARM Linker, 4.1 [Build 481] [Standard]

==============================================================================

Section Cross References

    stm32f10x_startup.o(STACK) refers (Special) to heapauxi.o(.text) for __use_two_region_memory
    stm32f10x_startup.o(HEAP) refers (Special) to heapauxi.o(.text) for __use_two_region_memory
    stm32f10x_startup.o(RESET) refers (Special) to heapauxi.o(.text) for __use_two_region_memory
    stm32f10x_startup.o(RESET) refers to stm32f10x_startup.o(STACK) for Stack
    stm32f10x_startup.o(RESET) refers to os_cpu_a.o(.text) for OSPendSV
    stm32f10x_startup.o(RESET) refers to stm32f10x_it.o(i.SysTickHandler) for SysTickHandler
    stm32f10x_startup.o(RESET) refers to stm32f10x_it.o(i.WWDG_IRQHandler) for WWDG_IRQHandler
    stm32f10x_startup.o(RESET) refers to stm32f10x_it.o(i.PVD_IRQHandler) for PVD_IRQHandler
    stm32f10x_startup.o(RESET) refers to stm32f10x_it.o(i.TAMPER_IRQHandler) for TAMPER_IRQHandler
    stm32f10x_startup.o(RESET) refers to stm32f10x_it.o(i.RTC_IRQHandler) for RTC_IRQHandler
    stm32f10x_startup.o(RESET) refers to stm32f10x_it.o(i.FLASH_IRQHandler) for FLASH_IRQHandler
    stm32f10x_startup.o(RESET) refers to stm32f10x_it.o(i.RCC_IRQHandler) for RCC_IRQHandler
    stm32f10x_startup.o(RESET) refers to stm32f10x_it.o(i.EXTI0_IRQHandler) for EXTI0_IRQHandler
    stm32f10x_startup.o(RESET) refers to stm32f10x_it.o(i.EXTI1_IRQHandler) for EXTI1_IRQHandler
    stm32f10x_startup.o(RESET) refers to stm32f10x_it.o(i.EXTI2_IRQHandler) for EXTI2_IRQHandler
    stm32f10x_startup.o(RESET) refers to stm32f10x_it.o(i.EXTI3_IRQHandler) for EXTI3_IRQHandler
    stm32f10x_startup.o(RESET) refers to stm32f10x_it.o(i.EXTI4_IRQHandler) for EXTI4_IRQHandler
    stm32f10x_startup.o(RESET) refers to stm32f10x_it.o(i.DMAChannel1_IRQHandler) for DMAChannel1_IRQHandler
    stm32f10x_startup.o(RESET) refers to stm32f10x_it.o(i.DMAChannel2_IRQHandler) for DMAChannel2_IRQHandler
    stm32f10x_startup.o(RESET) refers to stm32f10x_it.o(i.DMAChannel3_IRQHandler) for DMAChannel3_IRQHandler
    stm32f10x_startup.o(RESET) refers to stm32f10x_it.o(i.DMAChannel4_IRQHandler) for DMAChannel4_IRQHandler
    stm32f10x_startup.o(RESET) refers to stm32f10x_it.o(i.DMAChannel5_IRQHandler) for DMAChannel5_IRQHandler
    stm32f10x_startup.o(RESET) refers to stm32f10x_it.o(i.DMAChannel6_IRQHandler) for DMAChannel6_IRQHandler
    stm32f10x_startup.o(RESET) refers to stm32f10x_it.o(i.DMAChannel7_IRQHandler) for DMAChannel7_IRQHandler
    stm32f10x_startup.o(RESET) refers to stm32f10x_it.o(i.ADC_IRQHandler) for ADC_IRQHandler
    stm32f10x_startup.o(RESET) refers to stm32f10x_it.o(i.USB_HP_CAN_TX_IRQHandler) for USB_HP_CAN_TX_IRQHandler
    stm32f10x_startup.o(RESET) refers to stm32f10x_it.o(i.USB_LP_CAN_RX0_IRQHandler) for USB_LP_CAN_RX0_IRQHandler
    stm32f10x_startup.o(RESET) refers to stm32f10x_it.o(i.CAN_RX1_IRQHandler) for CAN_RX1_IRQHandler
    stm32f10x_startup.o(RESET) refers to stm32f10x_it.o(i.CAN_SCE_IRQHandler) for CAN_SCE_IRQHandler
    stm32f10x_startup.o(RESET) refers to stm32f10x_it.o(i.EXTI9_5_IRQHandler) for EXTI9_5_IRQHandler
    stm32f10x_startup.o(RESET) refers to stm32f10x_it.o(i.TIM1_BRK_IRQHandler) for TIM1_BRK_IRQHandler
    stm32f10x_startup.o(RESET) refers to stm32f10x_it.o(i.TIM1_UP_IRQHandler) for TIM1_UP_IRQHandler
    stm32f10x_startup.o(RESET) refers to stm32f10x_it.o(i.TIM1_TRG_COM_IRQHandler) for TIM1_TRG_COM_IRQHandler
    stm32f10x_startup.o(RESET) refers to stm32f10x_it.o(i.TIM1_CC_IRQHandler) for TIM1_CC_IRQHandler
    stm32f10x_startup.o(RESET) refers to stm32f10x_it.o(i.TIM2_IRQHandler) for TIM2_IRQHandler
    stm32f10x_startup.o(RESET) refers to stm32f10x_it.o(i.TIM3_IRQHandler) for TIM3_IRQHandler
    stm32f10x_startup.o(RESET) refers to stm32f10x_it.o(i.TIM4_IRQHandler) for TIM4_IRQHandler
    stm32f10x_startup.o(RESET) refers to stm32f10x_it.o(i.I2C1_EV_IRQHandler) for I2C1_EV_IRQHandler
    stm32f10x_startup.o(RESET) refers to stm32f10x_it.o(i.I2C1_ER_IRQHandler) for I2C1_ER_IRQHandler
    stm32f10x_startup.o(RESET) refers to stm32f10x_it.o(i.I2C2_EV_IRQHandler) for I2C2_EV_IRQHandler
    stm32f10x_startup.o(RESET) refers to stm32f10x_it.o(i.I2C2_ER_IRQHandler) for I2C2_ER_IRQHandler
    stm32f10x_startup.o(RESET) refers to stm32f10x_it.o(i.SPI1_IRQHandler) for SPI1_IRQHandler
    stm32f10x_startup.o(RESET) refers to stm32f10x_it.o(i.SPI2_IRQHandler) for SPI2_IRQHandler
    stm32f10x_startup.o(RESET) refers to stm32f10x_it.o(i.USART1_IRQHandler) for USART1_IRQHandler
    stm32f10x_startup.o(RESET) refers to stm32f10x_it.o(i.USART2_IRQHandler) for USART2_IRQHandler
    stm32f10x_startup.o(RESET) refers to stm32f10x_it.o(i.USART3_IRQHandler) for USART3_IRQHandler
    stm32f10x_startup.o(RESET) refers to stm32f10x_it.o(i.EXTI15_10_IRQHandler) for EXTI15_10_IRQHandler
    stm32f10x_startup.o(RESET) refers to stm32f10x_it.o(i.RTCAlarm_IRQHandler) for RTCAlarm_IRQHandler
[...]
    i.I2C2_ER_IRQHandler                     0x08001a7e   Section        0  stm32f10x_it.o(i.I2C2_ER_IRQHandler)
    i.I2C2_EV_IRQHandler                     0x08001a80   Section        0  stm32f10x_it.o(i.I2C2_EV_IRQHandler)
    i.NVIC_Init                              0x08001a82   Section        0  misc.o(i.NVIC_Init)
    i.NVIC_PriorityGroupConfig               0x08001ae0   Section        0  misc.o(i.NVIC_PriorityGroupConfig)
    i.OSInit                                 0x08001af4   Section        0  os_core.o(i.OSInit)
    i.OSInitHookBegin                        0x08001b1e   Section        0  os_cpu_c.o(i.OSInitHookBegin)
    i.OSInitHookEnd                          0x08001b20   Section        0  os_cpu_c.o(i.OSInitHookEnd)
    i.OSIntExit                              0x08001b24   Section        0  os_core.o(i.OSIntExit)
    i.OSMboxCreate                           0x08001b7c   Section        0  os_mbox.o(i.OSMboxCreate)
    i.OSMboxPend                             0x08001bc0   Section        0  os_mbox.o(i.OSMboxPend)
    i.OSMboxPost                             0x08001c90   Section        0  os_mbox.o(i.OSMboxPost)
    i.OSSemCreate                            0x08001ce0   Section        0  os_sem.o(i.OSSemCreate)
    i.OSSemPend                              0x08001d24   Section        0  os_sem.o(i.OSSemPend)
    i.OSSemPost                              0x08001ddc   Section        0  os_sem.o(i.OSSemPost)
    i.OSStart                                0x08001e30   Section        0  os_core.o(i.OSStart)
    i.OSStatInit                             0x08001e60   Section        0  os_core.o(i.OSStatInit)
    i.OSTCBInitHook                          0x08001e94   Section        0  os_cpu_c.o(i.OSTCBInitHook)
    i.OSTaskCreate                           0x08001e98   Section        0  os_task.o(i.OSTaskCreate)
    i.OSTaskCreateExt                        0x08001f20   Section        0  os_task.o(i.OSTaskCreateExt)
    i.OSTaskCreateHook                       0x08001fc0   Section        0  os_cpu_c.o(i.OSTaskCreateHook)
    i.OSTaskIdleHook                         0x08001fc4   Section        0  os_cpu_c.o(i.OSTaskIdleHook)
    i.OSTaskNameSet                          0x08001fc8   Section        0  os_task.o(i.OSTaskNameSet)
    i.OSTaskStatHook                         0x08002054   Section        0  os_cpu_c.o(i.OSTaskStatHook)
    i.OSTaskStkChk                           0x08002058   Section        0  os_task.o(i.OSTaskStkChk)
    i.OSTaskStkInit                          0x080020cc   Section        0  os_cpu_c.o(i.OSTaskStkInit)
    i.OSTaskSwHook                           0x08002130   Section        0  os_cpu_c.o(i.OSTaskSwHook)
    i.OSTimeDly                              0x08002134   Section        0  os_time.o(i.OSTimeDly)
    i.OSTimeDlyHMSM                          0x0800218c   Section        0  os_time.o(i.OSTimeDlyHMSM)
    i.OSTimeSet                              0x080021ec   Section        0  os_time.o(i.OSTimeSet)
    i.OSTimeTick                             0x08002204   Section        0  os_core.o(i.OSTimeTick)
    i.OSTimeTickHook                         0x080022b8   Section        0  os_cpu_c.o(i.OSTimeTickHook)
    i.OS_CPU_SysTickInit                     0x080022bc   Section        0  bsp.o(i.OS_CPU_SysTickInit)
    i.OS_EventTOAbort                        0x080022fc   Section        0  os_core.o(i.OS_EventTOAbort)
    i.OS_EventTaskRdy                        0x08002334   Section        0  os_core.o(i.OS_EventTaskRdy)
    i.OS_EventTaskWait                       0x080023c0   Section        0  os_core.o(i.OS_EventTaskWait)
    i.OS_EventWaitListInit                   0x08002408   Section        0  os_core.o(i.OS_EventWaitListInit)
    i.OS_FlagInit                            0x08002420   Section        0  os_flag.o(i.OS_FlagInit)
    i.OS_InitEventList                       0x08002464   Section        0  os_core.o(i.OS_InitEventList)
    OS_InitEventList                         0x08002465   Thumb Code    60  os_core.o(i.OS_InitEventList)
    i.OS_InitMisc                            0x080024a8   Section        0  os_core.o(i.OS_InitMisc)
    OS_InitMisc                              0x080024a9   Thumb Code    26  os_core.o(i.OS_InitMisc)
    i.OS_InitRdyList                         0x080024c8   Section        0  os_core.o(i.OS_InitRdyList)
    OS_InitRdyList                           0x080024c9   Thumb Code    34  os_core.o(i.OS_InitRdyList)
    i.OS_InitTCBList                         0x080024f0   Section        0  os_core.o(i.OS_InitTCBList)
    OS_InitTCBList                           0x080024f1   Thumb Code    76  os_core.o(i.OS_InitTCBList)
    i.OS_InitTaskIdle                        0x08002544   Section        0  os_core.o(i.OS_InitTaskIdle)
    OS_InitTaskIdle                          0x08002545   Thumb Code    54  os_core.o(i.OS_InitTaskIdle)
    i.OS_InitTaskStat                        0x08002594   Section        0  os_core.o(i.OS_InitTaskStat)
    OS_InitTaskStat                          0x08002595   Thumb Code    54  os_core.o(i.OS_InitTaskStat)
    i.OS_MemClr                              0x080025e4   Section        0  os_core.o(i.OS_MemClr)
    i.OS_Sched                               0x080025f8   Section        0  os_core.o(i.OS_Sched)
    i.OS_SchedNew                            0x08002640   Section        0  os_core.o(i.OS_SchedNew)
    OS_SchedNew                              0x08002641   Thumb Code    24  os_core.o(i.OS_SchedNew)
    i.OS_StrCopy                             0x08002660   Section        0  os_core.o(i.OS_StrCopy)
    i.OS_StrLen                              0x0800267c   Section        0  os_core.o(i.OS_StrLen)
    i.OS_TCBInit                             0x08002690   Section        0  os_core.o(i.OS_TCBInit)
    i.OS_TaskIdle                            0x08002780   Section        0  os_core.o(i.OS_TaskIdle)
    i.OS_TaskStat                            0x0800279c   Section        0  os_core.o(i.OS_TaskStat)
    i.OS_TaskStatStkChk                      0x080027fc   Section        0  os_core.o(i.OS_TaskStatStkChk)
    i.OS_TaskStkClr                          0x08002834   Section        0  os_task.o(i.OS_TaskStkClr)
    i.PVD_IRQHandler                         0x0800284a   Section        0  stm32f10x_it.o(i.PVD_IRQHandler)
    i.RCC_APB1PeriphClockCmd                 0x0800284c   Section        0  stm32f10x_rcc.o(i.RCC_APB1PeriphClockCmd)
    i.RCC_APB2PeriphClockCmd                 0x08002864   Section        0  stm32f10x_rcc.o(i.RCC_APB2PeriphClockCmd)
    i.RCC_Configuration                      0x0800287c   Section        0  bsp.o(i.RCC_Configuration)
    i.RCC_GetClocksFreq                      0x08002880   Section        0  stm32f10x_rcc.o(i.RCC_GetClocksFreq)
    i.RCC_IRQHandler                         0x08002928   Section        0  stm32f10x_it.o(i.RCC_IRQHandler)
    i.RTCAlarm_IRQHandler                    0x0800292a   Section        0  stm32f10x_it.o(i.RTCAlarm_IRQHandler)
    i.RTC_IRQHandler                         0x0800292c   Section        0  stm32f10x_it.o(i.RTC_IRQHandler)
    i.Read_ADE7878_SPI                       0x08002930   Section        0  ade7878.o(i.Read_ADE7878_SPI)
    i.SPI1_IRQHandler                        0x08002988   Section        0  stm32f10x_it.o(i.SPI1_IRQHandler)
    i.SPI2_IRQHandler                        0x0800298a   Section        0  stm32f10x_it.o(i.SPI2_IRQHandler)
    i.SPI2_Init                              0x0800298c   Section        0  spi.o(i.SPI2_Init)
    i.SPI2_ReadWrite                         0x08002a48   Section        0  spi.o(i.SPI2_ReadWrite)
    i.SPI_Cmd                                0x08002a7c   Section        0  stm32f10x_spi.o(i.SPI_Cmd)
    i.SPI_I2S_GetFlagStatus                  0x08002a92   Section        0  stm32f10x_spi.o(i.SPI_I2S_GetFlagStatus)
    i.SPI_I2S_ReceiveData                    0x08002aa0   Section        0  stm32f10x_spi.o(i.SPI_I2S_ReceiveData)
    i.SPI_I2S_SendData                       0x08002aa4   Section        0  stm32f10x_spi.o(i.SPI_I2S_SendData)
    i.SPI_Init                               0x08002aa8   Section        0  stm32f10x_spi.o(i.SPI_Init)
    i.SetSysClock                            0x08002ae0   Section        0  system_stm32f10x.o(i.SetSysClock)
    SetSysClock                              0x08002ae1   Thumb Code     4  system_stm32f10x.o(i.SetSysClock)
    i.SetSysClockTo72                        0x08002ae4   Section        0  system_stm32f10x.o(i.SetSysClockTo72)
    SetSysClockTo72                          0x08002ae5   Thumb Code   146  system_stm32f10x.o(i.SetSysClockTo72)
    i.SysTickHandler                         0x08002b80   Section        0  stm32f10x_it.o(i.SysTickHandler)
    i.SystemInit                             0x08002ba4   Section        0  system_stm32f10x.o(i.SystemInit)
    i.TAMPER_IRQHandler                      0x08002be4   Section        0  stm32f10x_it.o(i.TAMPER_IRQHandler)
    i.TIM1_BRK_IRQHandler                    0x08002be6   Section        0  stm32f10x_it.o(i.TIM1_BRK_IRQHandler)
    i.TIM1_CC_IRQHandler                     0x08002be8   Section        0  stm32f10x_it.o(i.TIM1_CC_IRQHandler)
    i.TIM1_TRG_COM_IRQHandler                0x08002bea   Section        0  stm32f10x_it.o(i.TIM1_TRG_COM_IRQHandler)
    i.TIM1_UP_IRQHandler                     0x08002bec   Section        0  stm32f10x_it.o(i.TIM1_UP_IRQHandler)
    i.TIM2_IRQHandler                        0x08002bee   Section        0  stm32f10x_it.o(i.TIM2_IRQHandler)
    i.TIM3_IRQHandler                        0x08002bf0   Section        0  stm32f10x_it.o(i.TIM3_IRQHandler)
    i.TIM3_Init                              0x08002de4   Section        0  tim3.o(i.TIM3_Init)
    i.TIM4_IRQHandler                        0x08002e5c   Section        0  stm32f10x_it.o(i.TIM4_IRQHandler)
    i.TIM_ARRPreloadConfig                   0x08002e5e   Section        0  stm32f10x_tim.o(i.TIM_ARRPreloadConfig)
    i.TIM_ClearITPendingBit                  0x08002e74   Section        0  stm32f10x_tim.o(i.TIM_ClearITPendingBit)
    i.TIM_Cmd                                0x08002e7a   Section        0  stm32f10x_tim.o(i.TIM_Cmd)
    i.TIM_GetITStatus                        0x08002e90   Section        0  stm32f10x_tim.o(i.TIM_GetITStatus)
    i.TIM_ITConfig                           0x08002ea8   Section        0  stm32f10x_tim.o(i.TIM_ITConfig)
    i.TIM_TimeBaseInit                       0x08002ebc   Section        0  stm32f10x_tim.o(i.TIM_TimeBaseInit)
    i.Task_Send1                             0x08002f58   Section        0  app.o(i.Task_Send1)
    Task_Send1                               0x08002f59   Thumb Code   662  app.o(i.Task_Send1)
    i.Task_Send2                             0x0800324c   Section        0  app.o(i.Task_Send2)
    Task_Send2                               0x0800324d   Thumb Code   200  app.o(i.Task_Send2)
    i.USART1_IRQHandler                      0x08003364   Section        0  stm32f10x_it.o(i.USART1_IRQHandler)
    i.USART2_IRQHandler                      0x08003366   Section        0  stm32f10x_it.o(i.USART2_IRQHandler)
    i.USART3_IRQHandler                      0x08003368   Section        0  stm32f10x_it.o(i.USART3_IRQHandler)
    i.USART_ClearFlag                        0x0800336a   Section        0  stm32f10x_usart.o(i.USART_ClearFlag)
    i.USART_Cmd                              0x08003372   Section        0  stm32f10x_usart.o(i.USART_Cmd)
    i.USART_Config                           0x08003388   Section        0  com.o(i.USART_Config)
    i.USART_GetFlagStatus                    0x08003414   Section        0  stm32f10x_usart.o(i.USART_GetFlagStatus)
    i.USART_Init                             0x08003424   Section        0  stm32f10x_usart.o(i.USART_Init)
    i.USART_SendData                         0x080034e0   Section        0  stm32f10x_usart.o(i.USART_SendData)
    i.USBWakeUp_IRQHandler                   0x080034e8   Section        0  stm32f10x_it.o(i.USBWakeUp_IRQHandler)
    i.USB_HP_CAN_TX_IRQHandler               0x080034ea   Section        0  stm32f10x_it.o(i.USB_HP_CAN_TX_IRQHandler)
    i.USB_LP_CAN_RX0_IRQHandler              0x080034ec   Section        0  stm32f10x_it.o(i.USB_LP_CAN_RX0_IRQHandler)
    i.WWDG_IRQHandler                        0x080034ee   Section        0  stm32f10x_it.o(i.WWDG_IRQHandler)
    i.Write_ADE7878_SPI                      0x080034f0   Section        0  ade7878.o(i.Write_ADE7878_SPI)
    i.__ARM_fpclassify                       0x08003544   Section        0  fpclassify.o(i.__ARM_fpclassify)
    i._sys_exit                              0x0800356c   Section        0  printf.o(i._sys_exit)
    i.ade7878_delay                          0x0800356e   Section        0  ade7878.o(i.ade7878_delay)
    i.fputc                                  0x08003584   Section        0  printf.o(i.fputc)
    i.main                                   0x080035a8   Section        0  app.o(i.main)
    i.sqrt                                   0x080035d8   Section        0  sqrt.o(i.sqrt)
    locale$$code                             0x08003624   Section       44  lc_numeric_c.o(locale$$code)
    x$fpl$d2f                                0x08003650   Section       98  d2f.o(x$fpl$d2f)
    x$fpl$dadd                               0x080036b4   Section      332  daddsub_clz.o(x$fpl$dadd)
    _dadd1                                   0x080036c5   Thumb Code     0  daddsub_clz.o(x$fpl$dadd)
    x$fpl$dcheck1                            0x08003800   Section       16  dcheck1.o(x$fpl$dcheck1)
    x$fpl$ddiv                               0x08003810   Section      688  ddiv.o(x$fpl$ddiv)
    ddiv_entry                               0x08003817   Thumb Code     0  ddiv.o(x$fpl$ddiv)
    x$fpl$dflt                               0x08003ac0   Section       46  dflt_clz.o(x$fpl$dflt)
    x$fpl$dfltu                              0x08003aee   Section       38  dflt_clz.o(x$fpl$dfltu)
    x$fpl$dmul                               0x08003b14   Section      340  dmul.o(x$fpl$dmul)
    x$fpl$dnaninf                            0x08003c68   Section      156  dnaninf.o(x$fpl$dnaninf)
    x$fpl$dretinf                            0x08003d04   Section       12  dretinf.o(x$fpl$dretinf)
    x$fpl$dsqrt                              0x08003d10   Section      460  dsqrt_noumaal.o(x$fpl$dsqrt)
    x$fpl$dsub                               0x08003edc   Section      468  daddsub_clz.o(x$fpl$dsub)
    _dsub1                                   0x08003eed   Thumb Code     0  daddsub_clz.o(x$fpl$dsub)
    x$fpl$f2d                                0x080040b0   Section       86  f2d.o(x$fpl$f2d)
    x$fpl$fflt                               0x08004108   Section       48  fflt_clz.o(x$fpl$fflt)
    x$fpl$ffltu                              0x08004138   Section       38  fflt_clz.o(x$fpl$ffltu)
    x$fpl$fnaninf                            0x0800415e   Section      140  fnaninf.o(x$fpl$fnaninf)
    x$fpl$fpinit                             0x080041ea   Section       14  fpinit.o(x$fpl$fpinit)
    x$fpl$fretinf                            0x080041f8   Section       10  fretinf.o(x$fpl$fretinf)
    x$fpl$printf1                            0x08004202   Section        4  printf1.o(x$fpl$printf1)
    x$fpl$retnan                             0x08004206   Section      100  retnan.o(x$fpl$retnan)
    x$fpl$scalbn                             0x0800426a   Section       96  scalbn.o(x$fpl$scalbn)
    x$fpl$trapveneer                         0x080042ca   Section       48  trapv.o(x$fpl$trapveneer)
    .constdata                               0x080042fa   Section      256  os_core.o(.constdata)
    x$fpl$usenofp                            0x080042fa   Section        0  usenofp.o(x$fpl$usenofp)
    .constdata                               0x080043fc   Section      148  bigflt0.o(.constdata)
    tenpwrs_x                                0x080043fc   Data          60  bigflt0.o(.constdata)
    tenpwrs_i                                0x08004438   Data          64  bigflt0.o(.constdata)
    locale$$data                             0x080044b0   Section       28  lc_numeric_c.o(locale$$data)
    __lcnum_c_name                           0x080044b4   Data           2  lc_numeric_c.o(locale$$data)
    __lcnum_c_start                          0x080044bc   Data           0  lc_numeric_c.o(locale$$data)
    __lcnum_c_point                          0x080044c8   Data           0  lc_numeric_c.o(locale$$data)
    __lcnum_c_thousands                      0x080044ca   Data           0  lc_numeric_c.o(locale$$data)
    __lcnum_c_grouping                       0x080044cb   Data           0  lc_numeric_c.o(locale$$data)
    __lcnum_c_end                            0x080044cc   Data           0  lc_numeric_c.o(locale$$data)
    .data                                    0x20000000   Section       76  app.o(.data)
    .data                                    0x2000004c   Section       28  stm32f10x_it.o(.data)
    .data                                    0x20000068   Section        4  stm32f10x_it.o(.data)
    .data                                    0x2000006c   Section        4  printf.o(.data)
    .data                                    0x20000070   Section       20  stm32f10x_rcc.o(.data)
    ADCPrescTable                            0x20000070   Data           4  stm32f10x_rcc.o(.data)
    APBAHBPrescTable                         0x20000074   Data          16  stm32f10x_rcc.o(.data)
    .data                                    0x20000084   Section       56  os_core.o(.data)
    .data                                    0x200000bc   Section        4  os_core.o(.data)
    .bss                                     0x200000c0   Section     2560  app.o(.bss)
    App_TaskStartStk                         0x200000c0   Data         512  app.o(.bss)
    Task_Send1Stk                            0x200002c0   Data        1024  app.o(.bss)
    Task_Send2Stk                            0x200006c0   Data        1024  app.o(.bss)
    .bss                                     0x20000ac0   Section      320  stm32f10x_it.o(.bss)
    .bss                                     0x20000c00   Section     2528  os_core.o(.bss)
    .bss                                     0x200015e0   Section      140  os_core.o(.bss)
    .bss                                     0x2000166c   Section       96  libspace.o(.bss)
    HEAP                                     0x200016d0   Section     1024  stm32f10x_startup.o(HEAP)
    Heap                                     0x200016d0   Data           0  stm32f10x_startup.o(HEAP)
    STACK                                    0x20001ad0   Section     1024  stm32f10x_startup.o(STACK)
    Stack                                    0x20001ad0   Data           0  stm32f10x_startup.o(STACK)

    Global Symbols

    Symbol Name                              Value     Ov Type        Size  Object(Section)

    BuildAttributes$$THM_ISAv4$P$D$K$B$S$PE$A:L22UL41UL21$X:L11$S22US41US21$IEEE1$IW$USESV6$~STKCKD$USESV7$~SHL$OTIME$ROPI$IEEEJ$EBA8$UX$STANDARDLIB$REQ8$PRES8$EABIv2 0x00000000   Number         0  anon$$obj.o ABSOLUTE
    __ARM_use_no_argv                        0x00000000   Number         0  app.o ABSOLUTE
    _printf_flags                            0x00000000   Number         0  printf_stubs.o ABSOLUTE
    _printf_return_value                     0x00000000   Number         0  printf_stubs.o ABSOLUTE
    _printf_sizespec                         0x00000000   Number         0  printf_stubs.o ABSOLUTE
    _printf_widthprec                        0x00000000   Number         0  printf_stubs.o ABSOLUTE
    __ARM_exceptions_init                     - Undefined Weak Reference
    __alloca_initialize                       - Undefined Weak Reference
    __cpp_initialize__aeabi_                  - Undefined Weak Reference
    __cxa_finalize                            - Undefined Weak Reference
    __fpl_infinity                            - Undefined Weak Reference
    __sigvec_lookup                           - Undefined Weak Reference
    _atexit_init                              - Undefined Weak Reference
    _call_atexit_fns                          - Undefined Weak Reference
    _clock_init                               - Undefined Weak Reference
    _fp_trap_init                             - Undefined Weak Reference
    _fp_trap_shutdown                         - Undefined Weak Reference
    _get_lc_collate                           - Undefined Weak Reference
    _get_lc_ctype                             - Undefined Weak Reference
    _get_lc_monetary                          - Undefined Weak Reference
    _get_lc_time                              - Undefined Weak Reference
    _getenv_init                              - Undefined Weak Reference
    _handle_redirection                       - Undefined Weak Reference
    _init_alloc                               - Undefined Weak Reference
    _init_user_alloc                          - Undefined Weak Reference
    _initio                                   - Undefined Weak Reference
    _mutex_acquire                            - Undefined Weak Reference
    _mutex_release                            - Undefined Weak Reference
    _rand_init                                - Undefined Weak Reference
    _signal_finish                            - Undefined Weak Reference
    _signal_init                              - Undefined Weak Reference
    _terminate_alloc                          - Undefined Weak Reference
    _terminate_user_alloc                     - Undefined Weak Reference
    _terminateio                              - Undefined Weak Reference
    __Vectors                                0x08000000   Data           0  stm32f10x_startup.o(RESET)
    Reset_Handler                            0x08000101   Thumb Code     0  stm32f10x_startup.o(RESET)
    __main                                   0x08000119   Thumb Code     8  __main.o(!!!main)
    __scatterload                            0x08000121   Thumb Code     0  __scatter.o(!!!scatter)
    __scatterload_rt2                        0x08000121   Thumb Code    44  __scatter.o(!!!scatter)
    __scatterload_rt2_thumb_only             0x08000121   Thumb Code     0  __scatter.o(!!!scatter)
    __scatterload_null                       0x0800012f   Thumb Code     0  __scatter.o(!!!scatter)
    __scatterload_copy                       0x08000155   Thumb Code    26  __scatter_copy.o(!!handler_copy)
    __scatterload_zeroinit                   0x08000171   Thumb Code    28  __scatter_zi.o(!!handler_zi)
    _printf_f                                0x0800018d   Thumb Code     0  _printf_f.o(.ARM.Collect$$_printf_percent$$00000003)
    _printf_percent                          0x0800018d   Thumb Code     0  _printf_percent.o(.ARM.Collect$$_printf_percent$$00000000)
    _printf_percent_end                      0x08000193   Thumb Code     0  _printf_percent_end.o(.ARM.Collect$$_printf_percent$$00000017)
    __rt_lib_init                            0x08000197   Thumb Code     0  libinit.o(.ARM.Collect$$libinit$$00000000)
    __rt_lib_init_heap_1                     0x0800019d   Thumb Code     0  libinit2.o(.ARM.Collect$$libinit$$00000006)
    __rt_lib_init_lc_common                  0x0800019d   Thumb Code     0  libinit2.o(.ARM.Collect$$libinit$$0000000B)
    __rt_lib_init_rand_1                     0x0800019d   Thumb Code     0  libinit2.o(.ARM.Collect$$libinit$$0000000A)
    __rt_lib_init_user_alloc_1               0x0800019d   Thumb Code     0  libinit2.o(.ARM.Collect$$libinit$$00000008)
    __rt_lib_init_lc_collate_1               0x080001a3   Thumb Code     0  libinit2.o(.ARM.Collect$$libinit$$0000000D)
    __rt_lib_init_lc_ctype_1                 0x080001a3   Thumb Code     0  libinit2.o(.ARM.Collect$$libinit$$0000000F)
    __rt_lib_init_lc_monetary_1              0x080001a3   Thumb Code     0  libinit2.o(.ARM.Collect$$libinit$$00000011)
    __rt_lib_init_lc_numeric_2               0x080001a3   Thumb Code     0  libinit2.o(.ARM.Collect$$libinit$$00000012)
    __rt_lib_init_alloca_1                   0x080001ad   Thumb Code     0  libinit2.o(.ARM.Collect$$libinit$$0000002A)
    __rt_lib_init_argv_1                     0x080001ad   Thumb Code     0  libinit2.o(.ARM.Collect$$libinit$$00000028)
    __rt_lib_init_atexit_1                   0x080001ad   Thumb Code     0  libinit2.o(.ARM.Collect$$libinit$$00000017)
    __rt_lib_init_clock_1                    0x080001ad   Thumb Code     0  libinit2.o(.ARM.Collect$$libinit$$0000001D)
    __rt_lib_init_cpp_1                      0x080001ad   Thumb Code     0  libinit2.o(.ARM.Collect$$libinit$$0000002E)
    __rt_lib_init_exceptions_1               0x080001ad   Thumb Code     0  libinit2.o(.ARM.Collect$$libinit$$0000002C)
    __rt_lib_init_fp_trap_1                  0x080001ad   Thumb Code     0  libinit2.o(.ARM.Collect$$libinit$$0000001B)
    __rt_lib_init_getenv_1                   0x080001ad   Thumb Code     0  libinit2.o(.ARM.Collect$$libinit$$0000001F)
    __rt_lib_init_lc_numeric_1               0x080001ad   Thumb Code     0  libinit2.o(.ARM.Collect$$libinit$$00000013)
    __rt_lib_init_lc_time_1                  0x080001ad   Thumb Code     0  libinit2.o(.ARM.Collect$$libinit$$00000015)
    __rt_lib_init_return                     0x080001ad   Thumb Code     0  libinit2.o(.ARM.Collect$$libinit$$0000002F)
    __rt_lib_init_signal_1                   0x080001ad   Thumb Code     0  libinit2.o(.ARM.Collect$$libinit$$00000019)
    __rt_lib_init_stdio_1                    0x080001ad   Thumb Code     0  libinit2.o(.ARM.Collect$$libinit$$00000021)
    __rt_lib_shutdown                        0x080001af   Thumb Code     0  libshutdown.o(.ARM.Collect$$libshutdown$$00000000)
    __rt_lib_shutdown_fp_trap_1              0x080001b1   Thumb Code     0  libshutdown2.o(.ARM.Collect$$libshutdown$$00000006)
    __rt_lib_shutdown_heap_1                 0x080001b1   Thumb Code     0  libshutdown2.o(.ARM.Collect$$libshutdown$$0000000E)
    __rt_lib_shutdown_return                 0x080001b1   Thumb Code     0  libshutdown2.o(.ARM.Collect$$libshutdown$$0000000F)
    __rt_lib_shutdown_signal_1               0x080001b1   Thumb Code     0  libshutdown2.o(.ARM.Collect$$libshutdown$$00000009)
    __rt_lib_shutdown_stdio_1                0x080001b1   Thumb Code     0  libshutdown2.o(.ARM.Collect$$libshutdown$$00000003)
    __rt_lib_shutdown_user_alloc_1           0x080001b1   Thumb Code     0  libshutdown2.o(.ARM.Collect$$libshutdown$$0000000B)
    __rt_entry                               0x080001b3   Thumb Code     0  rtentry.o(.ARM.Collect$$rtentry$$00000000)
    __rt_entry_presh_1                       0x080001b3   Thumb Code     0  rtentry2.o(.ARM.Collect$$rtentry$$00000002)
    __rt_entry_sh                            0x080001b3   Thumb Code     0  rtentry4.o(.ARM.Collect$$rtentry$$00000004)
    __rt_entry_li                            0x080001b9   Thumb Code     0  rtentry2.o(.ARM.Collect$$rtentry$$0000000A)
    __rt_entry_postsh_1                      0x080001b9   Thumb Code     0  rtentry2.o(.ARM.Collect$$rtentry$$00000009)
    __rt_entry_main                          0x080001bd   Thumb Code     0  rtentry2.o(.ARM.Collect$$rtentry$$0000000D)
    __rt_entry_postli_1                      0x080001bd   Thumb Code     0  rtentry2.o(.ARM.Collect$$rtentry$$0000000C)
    __rt_exit                                0x080001c5   Thumb Code     0  rtexit.o(.ARM.Collect$$rtexit$$00000000)
    __rt_exit_ls                             0x080001c7   Thumb Code     0  rtexit2.o(.ARM.Collect$$rtexit$$00000003)
    __rt_exit_prels_1                        0x080001c7   Thumb Code     0  rtexit2.o(.ARM.Collect$$rtexit$$00000002)
    __rt_exit_exit                           0x080001cb   Thumb Code     0  rtexit2.o(.ARM.Collect$$rtexit$$00000004)
    __user_initial_stackheap                 0x080001d1   Thumb Code     0  stm32f10x_startup.o(.text)
    OS_CPU_SR_Save                           0x080001ed   Thumb Code     0  os_cpu_a.o(.text)
    OS_CPU_SR_Restore                        0x080001f5   Thumb Code     0  os_cpu_a.o(.text)
    OSStartHighRdy                           0x080001fb   Thumb Code     0  os_cpu_a.o(.text)
    OSCtxSw                                  0x0800021b   Thumb Code     0  os_cpu_a.o(.text)
    OSIntCtxSw                               0x08000225   Thumb Code     0  os_cpu_a.o(.text)
    OSPendSV                                 0x0800022f   Thumb Code     0  os_cpu_a.o(.text)
    CPU_IntDis                               0x08000295   Thumb Code     0  cpu_a.o(.text)
    CPU_IntEn                                0x08000299   Thumb Code     0  cpu_a.o(.text)
    CPU_SR_Save                              0x0800029d   Thumb Code     0  cpu_a.o(.text)
    CPU_SR_Restore                           0x080002a5   Thumb Code     0  cpu_a.o(.text)
    __use_no_semihosting                     0x080002ab   Thumb Code     2  use_no_semi_2.o(.text)
    __2printf                                0x080002ad   Thumb Code    20  noretval__2printf.o(.text)
    _printf_pre_padding                      0x080002c5   Thumb Code    44  _printf_pad.o(.text)
    _printf_post_padding                     0x080002f1   Thumb Code    36  _printf_pad.o(.text)
    __printf                                 0x08000315   Thumb Code   286  __printf_wp.o(.text)
    __use_two_region_memory                  0x08000433   Thumb Code     2  heapauxi.o(.text)
    __rt_heap_escrow$2region                 0x08000435   Thumb Code     2  heapauxi.o(.text)
    __rt_heap_expand$2region                 0x08000437   Thumb Code     2  heapauxi.o(.text)
    __I$use$semihosting                      0x08000439   Thumb Code     0  use_no_semi.o(.text)
    __use_no_semihosting_swi                 0x08000439   Thumb Code     2  use_no_semi.o(.text)
    __read_errno                             0x0800043b   Thumb Code    10  _rserrno.o(.text)
    __set_errno                              0x08000445   Thumb Code    12  _rserrno.o(.text)
    __lib_sel_fp_printf                      0x08000451   Thumb Code     2  _printf_fp_dec.o(.text)
    _printf_fp_dec_real                      0x080005f7   Thumb Code   616  _printf_fp_dec.o(.text)
    _printf_char_file                        0x08000861   Thumb Code    32  _printf_char_file.o(.text)
    __rt_locale                              0x08000885   Thumb Code    12  rt_locale_intlibspace.o(.text)
    __aeabi_errno_addr                       0x08000891   Thumb Code    12  rt_errno_addr_intlibspace.o(.text)
    __errno$intlibspace                      0x08000891   Thumb Code     0  rt_errno_addr_intlibspace.o(.text)
    __rt_errno_addr$intlibspace              0x08000891   Thumb Code     0  rt_errno_addr_intlibspace.o(.text)
    _ll_udiv10                               0x0800089d   Thumb Code   138  lludiv10.o(.text)
    _printf_char_common                      0x08000933   Thumb Code    32  _printf_char_common.o(.text)
    _printf_fp_infnan                        0x08000959   Thumb Code   108  _printf_fp_infnan.o(.text)
    _btod_etento                             0x080009d5   Thumb Code   230  bigflt0.o(.text)
    ferror                                   0x08000ac1   Thumb Code     8  ferror.o(.text)
    __rt_udiv10                              0x08000ac9   Thumb Code    16  rtudiv10.o(.text)
    __user_libspace                          0x08000ad9   Thumb Code     8  libspace.o(.text)
    __user_perproc_libspace                  0x08000ad9   Thumb Code     0  libspace.o(.text)
    __user_perthread_libspace                0x08000ad9   Thumb Code     0  libspace.o(.text)
    __user_setup_stackheap                   0x08000ae1   Thumb Code    74  sys_stackheap_outer.o(.text)
    exit                                     0x08000b2b   Thumb Code    12  exit.o(.text)
    strcmp                                   0x08000b39   Thumb Code   128  strcmpv7m.o(.text)
    __rt_fp_status_addr                      0x08000bb9   Thumb Code    12  rt_fp_status_addr_intlibspace.o(.text)
    _btod_d2e                                0x08000bc5   Thumb Code    62  btod.o(CL$$btod_d2e)
    _d2e_denorm_low                          0x08000c03   Thumb Code    70  btod.o(CL$$btod_d2e_denorm_low)
    _d2e_norm_op1                            0x08000c49   Thumb Code    96  btod.o(CL$$btod_d2e_norm_op1)
    __btod_div_common                        0x08000ca9   Thumb Code   696  btod.o(CL$$btod_div_common)
    _e2e                                     0x08000fe1   Thumb Code   198  btod.o(CL$$btod_e2e)
    _btod_ediv                               0x080010a7   Thumb Code    40  btod.o(CL$$btod_ediv)
    _btod_emul                               0x080010cf   Thumb Code    40  btod.o(CL$$btod_emul)
    __btod_mult_common                       0x080010f7   Thumb Code   580  btod.o(CL$$btod_mult_common)
    ADC_IRQHandler                           0x0800133b   Thumb Code     2  stm32f10x_it.o(i.ADC_IRQHandler)
    ADE7878_BASICCONFIG                      0x0800133d   Thumb Code   452  ade7878.o(i.ADE7878_BASICCONFIG)
    ADE7878_CORRECTCONFIG                    0x08001535   Thumb Code    58  ade7878.o(i.ADE7878_CORRECTCONFIG)
    ADE7878_GPIOCONFIG                       0x0800157d   Thumb Code    40  ade7878.o(i.ADE7878_GPIOCONFIG)
    ADE7878_PSM0_Enable                      0x080015a9   Thumb Code    68  ade7878.o(i.ADE7878_PSM0_Enable)
    ADE7878_SPI_Enable                       0x080015f1   Thumb Code   120  ade7878.o(i.ADE7878_SPI_Enable)
    ADE7878_init                             0x08001671   Thumb Code    42  ade7878.o(i.ADE7878_init)
    App_TCBInitHook                          0x0800169b   Thumb Code     2  app.o(i.App_TCBInitHook)
    App_TaskCreateHook                       0x08001715   Thumb Code     2  app.o(i.App_TaskCreateHook)
    App_TaskIdleHook                         0x08001717   Thumb Code     2  app.o(i.App_TaskIdleHook)
    App_TaskStatHook                         0x08001751   Thumb Code     2  app.o(i.App_TaskStatHook)
    App_TaskSwHook                           0x08001753   Thumb Code     2  app.o(i.App_TaskSwHook)
    BSP_Init                                 0x08001755   Thumb Code   130  bsp.o(i.BSP_Init)
    CAN_RX1_IRQHandler                       0x080017e9   Thumb Code     2  stm32f10x_it.o(i.CAN_RX1_IRQHandler)
    CAN_SCE_IRQHandler                       0x080017eb   Thumb Code     2  stm32f10x_it.o(i.CAN_SCE_IRQHandler)
    DMAChannel1_IRQHandler                   0x080017ed   Thumb Code     2  stm32f10x_it.o(i.DMAChannel1_IRQHandler)
    DMAChannel2_IRQHandler                   0x080017ef   Thumb Code     2  stm32f10x_it.o(i.DMAChannel2_IRQHandler)
    DMAChannel3_IRQHandler                   0x080017f1   Thumb Code     2  stm32f10x_it.o(i.DMAChannel3_IRQHandler)
    DMAChannel4_IRQHandler                   0x080017f3   Thumb Code     2  stm32f10x_it.o(i.DMAChannel4_IRQHandler)
    DMAChannel5_IRQHandler                   0x080017f5   Thumb Code     2  stm32f10x_it.o(i.DMAChannel5_IRQHandler)
    DMAChannel6_IRQHandler                   0x080017f7   Thumb Code     2  stm32f10x_it.o(i.DMAChannel6_IRQHandler)
    DMAChannel7_IRQHandler                   0x080017f9   Thumb Code     2  stm32f10x_it.o(i.DMAChannel7_IRQHandler)
    EXTI0_IRQHandler                         0x080017fb   Thumb Code     2  stm32f10x_it.o(i.EXTI0_IRQHandler)
    EXTI15_10_IRQHandler                     0x080017fd   Thumb Code   114  stm32f10x_it.o(i.EXTI15_10_IRQHandler)
    EXTI1_IRQHandler                         0x0800187d   Thumb Code     2  stm32f10x_it.o(i.EXTI1_IRQHandler)
    EXTI2_IRQHandler                         0x0800187f   Thumb Code     2  stm32f10x_it.o(i.EXTI2_IRQHandler)
    EXTI3_IRQHandler                         0x08001881   Thumb Code     2  stm32f10x_it.o(i.EXTI3_IRQHandler)
    EXTI4_IRQHandler                         0x08001883   Thumb Code     2  stm32f10x_it.o(i.EXTI4_IRQHandler)
    EXTI9_5_IRQHandler                       0x08001885   Thumb Code     2  stm32f10x_it.o(i.EXTI9_5_IRQHandler)
    EXTI_ClearITPendingBit                   0x08001889   Thumb Code     6  stm32f10x_exti.o(i.EXTI_ClearITPendingBit)
    EXTI_Config                              0x08001895   Thumb Code    98  exti.o(i.EXTI_Config)
    EXTI_GetITStatus                         0x080018fd   Thumb Code    26  stm32f10x_exti.o(i.EXTI_GetITStatus)
    EXTI_Init                                0x0800191d   Thumb Code   128  stm32f10x_exti.o(i.EXTI_Init)
    FLASH_IRQHandler                         0x080019a1   Thumb Code     2  stm32f10x_it.o(i.FLASH_IRQHandler)
    GPIO_EXTILineConfig                      0x080019a5   Thumb Code    34  stm32f10x_gpio.o(i.GPIO_EXTILineConfig)
    GPIO_Init                                0x080019cd   Thumb Code   166  stm32f10x_gpio.o(i.GPIO_Init)
    GPIO_ResetBits                           0x08001a73   Thumb Code     4  stm32f10x_gpio.o(i.GPIO_ResetBits)
    GPIO_SetBits                             0x08001a77   Thumb Code     4  stm32f10x_gpio.o(i.GPIO_SetBits)
    I2C1_ER_IRQHandler                       0x08001a7b   Thumb Code     2  stm32f10x_it.o(i.I2C1_ER_IRQHandler)
    I2C1_EV_IRQHandler                       0x08001a7d   Thumb Code     2  stm32f10x_it.o(i.I2C1_EV_IRQHandler)
    I2C2_ER_IRQHandler                       0x08001a7f   Thumb Code     2  stm32f10x_it.o(i.I2C2_ER_IRQHandler)
    I2C2_EV_IRQHandler                       0x08001a81   Thumb Code     2  stm32f10x_it.o(i.I2C2_EV_IRQHandler)
    NVIC_Init                                0x08001a83   Thumb Code    92  misc.o(i.NVIC_Init)
    NVIC_PriorityGroupConfig                 0x08001ae1   Thumb Code    10  misc.o(i.NVIC_PriorityGroupConfig)
    OSInit                                   0x08001af5   Thumb Code    42  os_core.o(i.OSInit)
    OSInitHookBegin                          0x08001b1f   Thumb Code     2  os_cpu_c.o(i.OSInitHookBegin)
    OSInitHookEnd                            0x08001b21   Thumb Code     2  os_cpu_c.o(i.OSInitHookEnd)
    OSIntExit                                0x08001b25   Thumb Code    80  os_core.o(i.OSIntExit)
    OSMboxCreate                             0x08001b7d   Thumb Code    60  os_mbox.o(i.OSMboxCreate)
    OSMboxPend                               0x08001bc1   Thumb Code   196  os_mbox.o(i.OSMboxPend)
    OSMboxPost                               0x08001c91   Thumb Code    78  os_mbox.o(i.OSMboxPost)
    OSSemCreate                              0x08001ce1   Thumb Code    60  os_sem.o(i.OSSemCreate)
    OSSemPend                                0x08001d25   Thumb Code   170  os_sem.o(i.OSSemPend)
    OSSemPost                                0x08001ddd   Thumb Code    84  os_sem.o(i.OSSemPost)
    OSStart                                  0x08001e31   Thumb Code    38  os_core.o(i.OSStart)
    OSStatInit                               0x08001e61   Thumb Code    48  os_core.o(i.OSStatInit)
    OSTCBInitHook                            0x08001e95   Thumb Code     4  os_cpu_c.o(i.OSTCBInitHook)
    OSTaskCreate                             0x08001e99   Thumb Code   124  os_task.o(i.OSTaskCreate)
    OSTaskCreateExt                          0x08001f21   Thumb Code   146  os_task.o(i.OSTaskCreateExt)
    OSTaskCreateHook                         0x08001fc1   Thumb Code     4  os_cpu_c.o(i.OSTaskCreateHook)
    OSTaskIdleHook                           0x08001fc5   Thumb Code     4  os_cpu_c.o(i.OSTaskIdleHook)
    OSTaskNameSet                            0x08001fc9   Thumb Code   126  os_task.o(i.OSTaskNameSet)
    OSTaskStatHook                           0x08002055   Thumb Code     4  os_cpu_c.o(i.OSTaskStatHook)
    OSTaskStkChk                             0x08002059   Thumb Code   108  os_task.o(i.OSTaskStkChk)
    OSTaskStkInit                            0x080020cd   Thumb Code   100  os_cpu_c.o(i.OSTaskStkInit)
    OSTaskSwHook                             0x08002131   Thumb Code     4  os_cpu_c.o(i.OSTaskSwHook)
    OSTimeDly                                0x08002135   Thumb Code    70  os_time.o(i.OSTimeDly)
    OSTimeDlyHMSM                            0x0800218d   Thumb Code    92  os_time.o(i.OSTimeDlyHMSM)
    OSTimeSet                                0x080021ed   Thumb Code    20  os_time.o(i.OSTimeSet)
    OSTimeTick                               0x08002205   Thumb Code   174  os_core.o(i.OSTimeTick)
    OSTimeTickHook                           0x080022b9   Thumb Code     2  os_cpu_c.o(i.OSTimeTickHook)
    OS_CPU_SysTickInit                       0x080022bd   Thumb Code    58  bsp.o(i.OS_CPU_SysTickInit)
    OS_EventTOAbort                          0x080022fd   Thumb Code    50  os_core.o(i.OS_EventTOAbort)
    OS_EventTaskRdy                          0x08002335   Thumb Code   126  os_core.o(i.OS_EventTaskRdy)
    OS_EventTaskWait                         0x080023c1   Thumb Code    68  os_core.o(i.OS_EventTaskWait)
    OS_EventWaitListInit                     0x08002409   Thumb Code    22  os_core.o(i.OS_EventWaitListInit)
    OS_FlagInit                              0x08002421   Thumb Code    58  os_flag.o(i.OS_FlagInit)
    OS_MemClr                                0x080025e5   Thumb Code    18  os_core.o(i.OS_MemClr)
    OS_Sched                                 0x080025f9   Thumb Code    64  os_core.o(i.OS_Sched)
    OS_StrCopy                               0x08002661   Thumb Code    28  os_core.o(i.OS_StrCopy)
    OS_StrLen                                0x0800267d   Thumb Code    20  os_core.o(i.OS_StrLen)
    OS_TCBInit                               0x08002691   Thumb Code   230  os_core.o(i.OS_TCBInit)
    OS_TaskIdle                              0x08002781   Thumb Code    22  os_core.o(i.OS_TaskIdle)
    OS_TaskStat                              0x0800279d   Thumb Code    92  os_core.o(i.OS_TaskStat)
    OS_TaskStatStkChk                        0x080027fd   Thumb Code    50  os_core.o(i.OS_TaskStatStkChk)
    OS_TaskStkClr                            0x08002835   Thumb Code    22  os_task.o(i.OS_TaskStkClr)
    PVD_IRQHandler                           0x0800284b   Thumb Code     2  stm32f10x_it.o(i.PVD_IRQHandler)
    RCC_APB1PeriphClockCmd                   0x0800284d   Thumb Code    20  stm32f10x_rcc.o(i.RCC_APB1PeriphClockCmd)
    RCC_APB2PeriphClockCmd                   0x08002865   Thumb Code    20  stm32f10x_rcc.o(i.RCC_APB2PeriphClockCmd)
    RCC_Configuration                        0x0800287d   Thumb Code     4  bsp.o(i.RCC_Configuration)
    RCC_GetClocksFreq                        0x08002881   Thumb Code   152  stm32f10x_rcc.o(i.RCC_GetClocksFreq)
    RCC_IRQHandler                           0x08002929   Thumb Code     2  stm32f10x_it.o(i.RCC_IRQHandler)
    RTCAlarm_IRQHandler                      0x0800292b   Thumb Code     2  stm32f10x_it.o(i.RTCAlarm_IRQHandler)
    RTC_IRQHandler                           0x0800292d   Thumb Code     2  stm32f10x_it.o(i.RTC_IRQHandler)
    Read_ADE7878_SPI                         0x08002931   Thumb Code    82  ade7878.o(i.Read_ADE7878_SPI)
    SPI1_IRQHandler                          0x08002989   Thumb Code     2  stm32f10x_it.o(i.SPI1_IRQHandler)
    SPI2_IRQHandler                          0x0800298b   Thumb Code     2  stm32f10x_it.o(i.SPI2_IRQHandler)
    SPI2_Init                                0x0800298d   Thumb Code   178  spi.o(i.SPI2_Init)
    SPI2_ReadWrite                           0x08002a49   Thumb Code    48  spi.o(i.SPI2_ReadWrite)
    SPI_Cmd                                  0x08002a7d   Thumb Code    22  stm32f10x_spi.o(i.SPI_Cmd)
    SPI_I2S_GetFlagStatus                    0x08002a93   Thumb Code    14  stm32f10x_spi.o(i.SPI_I2S_GetFlagStatus)
    SPI_I2S_ReceiveData                      0x08002aa1   Thumb Code     4  stm32f10x_spi.o(i.SPI_I2S_ReceiveData)
    SPI_I2S_SendData                         0x08002aa5   Thumb Code     4  stm32f10x_spi.o(i.SPI_I2S_SendData)
    SPI_Init                                 0x08002aa9   Thumb Code    56  stm32f10x_spi.o(i.SPI_Init)
    SysTickHandler                           0x08002b81   Thumb Code    30  stm32f10x_it.o(i.SysTickHandler)
    SystemInit                               0x08002ba5   Thumb Code    52  system_stm32f10x.o(i.SystemInit)
    TAMPER_IRQHandler                        0x08002be5   Thumb Code     2  stm32f10x_it.o(i.TAMPER_IRQHandler)
    TIM1_BRK_IRQHandler                      0x08002be7   Thumb Code     2  stm32f10x_it.o(i.TIM1_BRK_IRQHandler)
    TIM1_CC_IRQHandler                       0x08002be9   Thumb Code     2  stm32f10x_it.o(i.TIM1_CC_IRQHandler)
    TIM1_TRG_COM_IRQHandler                  0x08002beb   Thumb Code     2  stm32f10x_it.o(i.TIM1_TRG_COM_IRQHandler)
    TIM1_UP_IRQHandler                       0x08002bed   Thumb Code     2  stm32f10x_it.o(i.TIM1_UP_IRQHandler)
    TIM2_IRQHandler                          0x08002bef   Thumb Code     2  stm32f10x_it.o(i.TIM2_IRQHandler)
    TIM3_IRQHandler                          0x08002bf1   Thumb Code   390  stm32f10x_it.o(i.TIM3_IRQHandler)
    TIM3_Init                                0x08002de5   Thumb Code   116  tim3.o(i.TIM3_Init)
    TIM4_IRQHandler                          0x08002e5d   Thumb Code     2  stm32f10x_it.o(i.TIM4_IRQHandler)
    TIM_ARRPreloadConfig                     0x08002e5f   Thumb Code    22  stm32f10x_tim.o(i.TIM_ARRPreloadConfig)
    TIM_ClearITPendingBit                    0x08002e75   Thumb Code     6  stm32f10x_tim.o(i.TIM_ClearITPendingBit)
    TIM_Cmd                                  0x08002e7b   Thumb Code    22  stm32f10x_tim.o(i.TIM_Cmd)
    TIM_GetITStatus                          0x08002e91   Thumb Code    24  stm32f10x_tim.o(i.TIM_GetITStatus)
    TIM_ITConfig                             0x08002ea9   Thumb Code    18  stm32f10x_tim.o(i.TIM_ITConfig)
    TIM_TimeBaseInit                         0x08002ebd   Thumb Code   114  stm32f10x_tim.o(i.TIM_TimeBaseInit)
    USART1_IRQHandler                        0x08003365   Thumb Code     2  stm32f10x_it.o(i.USART1_IRQHandler)
    USART2_IRQHandler                        0x08003367   Thumb Code     2  stm32f10x_it.o(i.USART2_IRQHandler)
    USART3_IRQHandler                        0x08003369   Thumb Code     2  stm32f10x_it.o(i.USART3_IRQHandler)
    USART_ClearFlag                          0x0800336b   Thumb Code     8  stm32f10x_usart.o(i.USART_ClearFlag)
    USART_Cmd                                0x08003373   Thumb Code    22  stm32f10x_usart.o(i.USART_Cmd)
    USART_Config                             0x08003389   Thumb Code   130  com.o(i.USART_Config)
    USART_GetFlagStatus                      0x08003415   Thumb Code    14  stm32f10x_usart.o(i.USART_GetFlagStatus)
    USART_Init                               0x08003425   Thumb Code   184  stm32f10x_usart.o(i.USART_Init)
    USART_SendData                           0x080034e1   Thumb Code     8  stm32f10x_usart.o(i.USART_SendData)
    USBWakeUp_IRQHandler                     0x080034e9   Thumb Code     2  stm32f10x_it.o(i.USBWakeUp_IRQHandler)
    USB_HP_CAN_TX_IRQHandler                 0x080034eb   Thumb Code     2  stm32f10x_it.o(i.USB_HP_CAN_TX_IRQHandler)
    USB_LP_CAN_RX0_IRQHandler                0x080034ed   Thumb Code     2  stm32f10x_it.o(i.USB_LP_CAN_RX0_IRQHandler)
    WWDG_IRQHandler                          0x080034ef   Thumb Code     2  stm32f10x_it.o(i.WWDG_IRQHandler)
    Write_ADE7878_SPI                        0x080034f1   Thumb Code    80  ade7878.o(i.Write_ADE7878_SPI)
    __ARM_fpclassify                         0x08003545   Thumb Code    40  fpclassify.o(i.__ARM_fpclassify)
    _sys_exit                                0x0800356d   Thumb Code     2  printf.o(i._sys_exit)
    ade7878_delay                            0x0800356f   Thumb Code    22  ade7878.o(i.ade7878_delay)
    fputc                                    0x08003585   Thumb Code    30  printf.o(i.fputc)
    main                                     0x080035a9   Thumb Code    40  app.o(i.main)
    sqrt                                     0x080035d9   Thumb Code    74  sqrt.o(i.sqrt)
    _get_lc_numeric                          0x08003625   Thumb Code    44  lc_numeric_c.o(locale$$code)
    __aeabi_d2f                              0x08003651   Thumb Code     0  d2f.o(x$fpl$d2f)
    _d2f                                     0x08003651   Thumb Code    98  d2f.o(x$fpl$d2f)
    __aeabi_dadd                             0x080036b5   Thumb Code     0  daddsub_clz.o(x$fpl$dadd)
    _dadd                                    0x080036b5   Thumb Code   328  daddsub_clz.o(x$fpl$dadd)
    __fpl_dcheck_NaN1                        0x08003801   Thumb Code    10  dcheck1.o(x$fpl$dcheck1)
    __aeabi_ddiv                             0x08003811   Thumb Code     0  ddiv.o(x$fpl$ddiv)
    _ddiv                                    0x08003811   Thumb Code   552  ddiv.o(x$fpl$ddiv)
    __aeabi_i2d                              0x08003ac1   Thumb Code     0  dflt_clz.o(x$fpl$dflt)
    _dflt                                    0x08003ac1   Thumb Code    46  dflt_clz.o(x$fpl$dflt)
    __aeabi_ui2d                             0x08003aef   Thumb Code     0  dflt_clz.o(x$fpl$dfltu)
    _dfltu                                   0x08003aef   Thumb Code    38  dflt_clz.o(x$fpl$dfltu)
    __aeabi_dmul                             0x08003b15   Thumb Code     0  dmul.o(x$fpl$dmul)
    _dmul                                    0x08003b15   Thumb Code   332  dmul.o(x$fpl$dmul)
    __fpl_dnaninf                            0x08003c69   Thumb Code   156  dnaninf.o(x$fpl$dnaninf)
    __fpl_dretinf                            0x08003d05   Thumb Code    12  dretinf.o(x$fpl$dretinf)
    _dsqrt                                   0x08003d11   Thumb Code   456  dsqrt_noumaal.o(x$fpl$dsqrt)
    __aeabi_dsub                             0x08003edd   Thumb Code     0  daddsub_clz.o(x$fpl$dsub)
    _dsub                                    0x08003edd   Thumb Code   464  daddsub_clz.o(x$fpl$dsub)
    __aeabi_f2d                              0x080040b1   Thumb Code     0  f2d.o(x$fpl$f2d)
    _f2d                                     0x080040b1   Thumb Code    86  f2d.o(x$fpl$f2d)
    __aeabi_i2f                              0x08004109   Thumb Code     0  fflt_clz.o(x$fpl$fflt)
    _fflt                                    0x08004109   Thumb Code    48  fflt_clz.o(x$fpl$fflt)
    __aeabi_ui2f                             0x08004139   Thumb Code     0  fflt_clz.o(x$fpl$ffltu)
    _ffltu                                   0x08004139   Thumb Code    38  fflt_clz.o(x$fpl$ffltu)
    __fpl_fnaninf                            0x0800415f   Thumb Code   140  fnaninf.o(x$fpl$fnaninf)
    _fp_init                                 0x080041eb   Thumb Code    14  fpinit.o(x$fpl$fpinit)
    __fplib_config_pureend_doubles           0x080041f7   Thumb Code     0  fpinit.o(x$fpl$fpinit)
    __fpl_fretinf                            0x080041f9   Thumb Code    10  fretinf.o(x$fpl$fretinf)
    _printf_fp_dec                           0x08004203   Thumb Code     4  printf1.o(x$fpl$printf1)
    __fpl_return_NaN                         0x08004207   Thumb Code   100  retnan.o(x$fpl$retnan)
    __ARM_scalbn                             0x0800426b   Thumb Code     0  scalbn.o(x$fpl$scalbn)
    scalbn                                   0x0800426b   Thumb Code    96  scalbn.o(x$fpl$scalbn)
    __fpl_inf_scalbn                         0x080042c9   Thumb Code     0  scalbn.o(x$fpl$scalbn)
    __fpl_cmpreturn                          0x080042cb   Thumb Code    48  trapv.o(x$fpl$trapveneer)
    OSUnMapTbl                               0x080042fa   Data         256  os_core.o(.constdata)
    __I$use$fp                               0x080042fb   Thumb Code     0  usenofp.o(x$fpl$usenofp)
    Region$$Table$$Base                      0x08004490   Number         0  anon$$obj.o(Region$$Table)
    Region$$Table$$Limit                     0x080044b0   Number         0  anon$$obj.o(Region$$Table)
    i                                        0x20000000   Data           1  app.o(.data)
    test1                                    0x20000004   Data           4  app.o(.data)
    iwave                                    0x20000008   Data           4  app.o(.data)
    vwave                                    0x2000000c   Data           4  app.o(.data)
    irms                                     0x20000010   Data           4  app.o(.data)
    vrms                                     0x20000014   Data           4  app.o(.data)
    i_RMS                                    0x20000018   Data           4  app.o(.data)
    i_WAVE                                   0x2000001c   Data           4  app.o(.data)
    v_RMS                                    0x20000020   Data           4  app.o(.data)
    v_WAVE                                   0x20000024   Data           4  app.o(.data)
    cwatt                                    0x20000028   Data           4  app.o(.data)
    C_WATT                                   0x2000002c   Data           4  app.o(.data)
    cwatthr                                  0x20000030   Data           4  app.o(.data)
    C_WATTHR                                 0x20000034   Data           4  app.o(.data)
    TEST_1                                   0x20000038   Data           4  app.o(.data)
    testdat                                  0x2000003c   Data           4  app.o(.data)
    Send1_SEM                                0x20000040   Data           4  app.o(.data)
    Send2_MBOX                               0x20000044   Data           4  app.o(.data)
    Send1_c_SEM                              0x20000048   Data           4  app.o(.data)
    icount                                   0x2000004c   Data           1  stm32f10x_it.o(.data)
    tcount                                   0x2000004e   Data           2  stm32f10x_it.o(.data)
    CWATTReg                                 0x20000050   Data           4  stm32f10x_it.o(.data)
    ICWVReg                                  0x20000054   Data           4  stm32f10x_it.o(.data)
    VCWVReg                                  0x20000058   Data           4  stm32f10x_it.o(.data)
    Status_1                                 0x2000005c   Data           4  stm32f10x_it.o(.data)
    Status_0                                 0x20000060   Data           4  stm32f10x_it.o(.data)
    CWATTHRReg                               0x20000064   Data           4  stm32f10x_it.o(.data)
    MASK0_data                               0x20000068   Data           4  stm32f10x_it.o(.data)
    __stdout                                 0x2000006c   Data           4  printf.o(.data)
    OSCPUUsage                               0x20000084   Data           1  os_core.o(.data)
    OSStatRdy                                0x20000085   Data           1  os_core.o(.data)
    OSIntNesting                             0x20000086   Data           1  os_core.o(.data)
    OSLockNesting                            0x20000087   Data           1  os_core.o(.data)
    OSPrioCur                                0x20000088   Data           1  os_core.o(.data)
    OSPrioHighRdy                            0x20000089   Data           1  os_core.o(.data)
    OSRdyGrp                                 0x2000008a   Data           1  os_core.o(.data)
    OSRunning                                0x2000008b   Data           1  os_core.o(.data)
    OSTaskCtr                                0x2000008c   Data           1  os_core.o(.data)
    OSTickStepState                          0x2000008d   Data           1  os_core.o(.data)
    OSCtxSwCtr                               0x20000090   Data           4  os_core.o(.data)
    OSEventFreeList                          0x20000094   Data           4  os_core.o(.data)
    OSIdleCtrMax                             0x20000098   Data           4  os_core.o(.data)
    OSIdleCtrRun                             0x2000009c   Data           4  os_core.o(.data)
    OSRdyTbl                                 0x200000a0   Data           4  os_core.o(.data)
    OSIdleCtr                                0x200000a4   Data           4  os_core.o(.data)
    OSTCBCur                                 0x200000a8   Data           4  os_core.o(.data)
    OSTCBFreeList                            0x200000ac   Data           4  os_core.o(.data)
    OSTCBHighRdy                             0x200000b0   Data           4  os_core.o(.data)
    OSTCBList                                0x200000b4   Data           4  os_core.o(.data)
    OSTime                                   0x200000b8   Data           4  os_core.o(.data)
    OSFlagFreeList                           0x200000bc   Data           4  os_core.o(.data)
    CIRMSReg                                 0x20000ac0   Data          80  stm32f10x_it.o(.bss)
    CVRMSReg                                 0x20000b10   Data          80  stm32f10x_it.o(.bss)
    VPEAKReg                                 0x20000b60   Data          80  stm32f10x_it.o(.bss)
    IPEAKReg                                 0x20000bb0   Data          80  stm32f10x_it.o(.bss)
    OSEventTbl                               0x20000c00   Data         320  os_core.o(.bss)
    OSTaskStatStk                            0x20000d40   Data         512  os_core.o(.bss)
    OSTaskIdleStk                            0x20000f40   Data         512  os_core.o(.bss)
    OSTCBPrioTbl                             0x20001140   Data         128  os_core.o(.bss)
    OSTCBTbl                                 0x200011c0   Data        1056  os_core.o(.bss)
    OSFlagTbl                                0x200015e0   Data         140  os_core.o(.bss)
    __libspace_start                         0x2000166c   Data          96  libspace.o(.bss)
    __temporary_stack_top$libspace           0x200016cc   Data           0  libspace.o(.bss)



==============================================================================

Memory Map of the image

  Image Entry point : 0x08000119

  Load Region LR_IROM1 (Base: 0x08000000, Size: 0x0000458c, Max: 0x00080000, ABSOLUTE)

    Execution Region ER_IROM1 (Base: 0x08000000, Size: 0x000044cc, Max: 0x00080000, ABSOLUTE)

    Base Addr    Size         Type   Attr      Idx    E Section Name        Object

    0x08000000   0x00000118   Code   RO            3    RESET               stm32f10x_startup.o
    0x08000118   0x00000008   Code   RO         2900  * !!!main             c_w.l(__main.o)(c_w.l)
    0x08000120   0x00000034   Code   RO         3192    !!!scatter          c_w.l(__scatter.o)(c_w.l)
    0x08000154   0x0000001a   Code   RO         3194    !!handler_copy      c_w.l(__scatter_copy.o)(c_w.l)
    0x0800016e   0x00000002   PAD
    0x08000170   0x0000001c   Code   RO         3196    !!handler_zi        c_w.l(__scatter_zi.o)(c_w.l)
    0x0800018c   0x00000000   Code   RO         2897    .ARM.Collect$$_printf_percent$$00000000  c_w.l(_printf_percent.o)(c_w.l)
    0x0800018c   0x00000006   Code   RO         2896    .ARM.Collect$$_printf_percent$$00000003  c_w.l(_printf_f.o)(c_w.l)
    0x08000192   0x00000004   Code   RO         2958    .ARM.Collect$$_printf_percent$$00000017  c_w.l(_printf_percent_end.o)(c_w.l)
    0x08000196   0x00000006   Code   RO         3067    .ARM.Collect$$libinit$$00000000  c_w.l(libinit.o)(c_w.l)
    0x0800019c   0x00000000   Code   RO         3070    .ARM.Collect$$libinit$$00000006  c_w.l(libinit2.o)(c_w.l)
    0x0800019c   0x00000000   Code   RO         3072    .ARM.Collect$$libinit$$00000008  c_w.l(libinit2.o)(c_w.l)
    0x0800019c   0x00000000   Code   RO         3074    .ARM.Collect$$libinit$$0000000A  c_w.l(libinit2.o)(c_w.l)
    0x0800019c   0x00000006   Code   RO         3075    .ARM.Collect$$libinit$$0000000B  c_w.l(libinit2.o)(c_w.l)
    0x080001a2   0x00000000   Code   RO         3077    .ARM.Collect$$libinit$$0000000D  c_w.l(libinit2.o)(c_w.l)
    0x080001a2   0x00000000   Code   RO         3079    .ARM.Collect$$libinit$$0000000F  c_w.l(libinit2.o)(c_w.l)
    0x080001a2   0x00000000   Code   RO         3081    .ARM.Collect$$libinit$$00000011  c_w.l(libinit2.o)(c_w.l)
    0x080001a2   0x0000000a   Code   RO         3082    .ARM.Collect$$libinit$$00000012  c_w.l(libinit2.o)(c_w.l)
    0x080001ac   0x00000000   Code   RO         3083    .ARM.Collect$$libinit$$00000013  c_w.l(libinit2.o)(c_w.l)
    0x080001ac   0x00000000   Code   RO         3085    .ARM.Collect$$libinit$$00000015  c_w.l(libinit2.o)(c_w.l)
    0x080001ac   0x00000000   Code   RO         3087    .ARM.Collect$$libinit$$00000017  c_w.l(libinit2.o)(c_w.l)
    0x080001ac   0x00000000   Code   RO         3089    .ARM.Collect$$libinit$$00000019  c_w.l(libinit2.o)(c_w.l)
    0x080001ac   0x00000000   Code   RO         3091    .ARM.Collect$$libinit$$0000001B  c_w.l(libinit2.o)(c_w.l)
    0x080001ac   0x00000000   Code   RO         3093    .ARM.Collect$$libinit$$0000001D  c_w.l(libinit2.o)(c_w.l)
    0x080001ac   0x00000000   Code   RO         3095    .ARM.Collect$$libinit$$0000001F  c_w.l(libinit2.o)(c_w.l)
    0x080001ac   0x00000000   Code   RO         3097    .ARM.Collect$$libinit$$00000021  c_w.l(libinit2.o)(c_w.l)
    0x080001ac   0x00000000   Code   RO         3101    .ARM.Collect$$libinit$$00000028  c_w.l(libinit2.o)(c_w.l)
    0x080001ac   0x00000000   Code   RO         3103    .ARM.Collect$$libinit$$0000002A  c_w.l(libinit2.o)(c_w.l)
    0x080001ac   0x00000000   Code   RO         3105    .ARM.Collect$$libinit$$0000002C  c_w.l(libinit2.o)(c_w.l)
    0x080001ac   0x00000000   Code   RO         3107    .ARM.Collect$$libinit$$0000002E  c_w.l(libinit2.o)(c_w.l)
    0x080001ac   0x00000002   Code   RO         3108    .ARM.Collect$$libinit$$0000002F  c_w.l(libinit2.o)(c_w.l)
    0x080001ae   0x00000002   Code   RO         3144    .ARM.Collect$$libshutdown$$00000000  c_w.l(libshutdown.o)(c_w.l)
    0x080001b0   0x00000000   Code   RO         3153    .ARM.Collect$$libshutdown$$00000003  c_w.l(libshutdown2.o)(c_w.l)
    0x080001b0   0x00000000   Code   RO         3156    .ARM.Collect$$libshutdown$$00000006  c_w.l(libshutdown2.o)(c_w.l)
    0x080001b0   0x00000000   Code   RO         3159    .ARM.Collect$$libshutdown$$00000009  c_w.l(libshutdown2.o)(c_w.l)
    0x080001b0   0x00000000   Code   RO         3161    .ARM.Collect$$libshutdown$$0000000B  c_w.l(libshutdown2.o)(c_w.l)
    0x080001b0   0x00000000   Code   RO         3164    .ARM.Collect$$libshutdown$$0000000E  c_w.l(libshutdown2.o)(c_w.l)
    0x080001b0   0x00000002   Code   RO         3165    .ARM.Collect$$libshutdown$$0000000F  c_w.l(libshutdown2.o)(c_w.l)
    0x080001b2   0x00000000   Code   RO         2950    .ARM.Collect$$rtentry$$00000000  c_w.l(rtentry.o)(c_w.l)
    0x080001b2   0x00000000   Code   RO         2975    .ARM.Collect$$rtentry$$00000002  c_w.l(rtentry2.o)(c_w.l)
    0x080001b2   0x00000006   Code   RO         2990    .ARM.Collect$$rtentry$$00000004  c_w.l(rtentry4.o)(c_w.l)
    0x080001b8   0x00000000   Code   RO         2977    .ARM.Collect$$rtentry$$00000009  c_w.l(rtentry2.o)(c_w.l)
    0x080001b8   0x00000004   Code   RO         2978    .ARM.Collect$$rtentry$$0000000A  c_w.l(rtentry2.o)(c_w.l)
    0x080001bc   0x00000000   Code   RO         2980    .ARM.Collect$$rtentry$$0000000C  c_w.l(rtentry2.o)(c_w.l)
    0x080001bc   0x00000008   Code   RO         2981    .ARM.Collect$$rtentry$$0000000D  c_w.l(rtentry2.o)(c_w.l)
    0x080001c4   0x00000002   Code   RO         3111    .ARM.Collect$$rtexit$$00000000  c_w.l(rtexit.o)(c_w.l)
    0x080001c6   0x00000000   Code   RO         3118    .ARM.Collect$$rtexit$$00000002  c_w.l(rtexit2.o)(c_w.l)
    0x080001c6   0x00000004   Code   RO         3119    .ARM.Collect$$rtexit$$00000003  c_w.l(rtexit2.o)(c_w.l)
    0x080001ca   0x00000006   Code   RO         3120    .ARM.Collect$$rtexit$$00000004  c_w.l(rtexit2.o)(c_w.l)
    0x080001d0   0x0000001c   Code   RO            4    .text               stm32f10x_startup.o
    0x080001ec   0x000000a8   Code   RO         2262    .text               os_cpu_a.o
    0x08000294   0x00000016   Code   RO         2265    .text               cpu_a.o
    0x080002aa   0x00000002   Code   RO         2868    .text               c_w.l(use_no_semi_2.o)(c_w.l)
    0x080002ac   0x00000018   Code   RO         2872    .text               c_w.l(noretval__2printf.o)(c_w.l)
    0x080002c4   0x00000050   Code   RO         2876    .text               c_w.l(_printf_pad.o)(c_w.l)
    0x08000314   0x0000011e   Code   RO         2886    .text               c_w.l(__printf_wp.o)(c_w.l)
    0x08000432   0x00000006   Code   RO         2898    .text               c_w.l(heapauxi.o)(c_w.l)
    0x08000438   0x00000002   Code   RO         2948    .text               c_w.l(use_no_semi.o)(c_w.l)
    0x0800043a   0x00000016   Code   RO         2952    .text               c_w.l(_rserrno.o)(c_w.l)
    0x08000450   0x0000040e   Code   RO         2954    .text               c_w.l(_printf_fp_dec.o)(c_w.l)
    0x0800085e   0x00000002   PAD
    0x08000860   0x00000024   Code   RO         2956    .text               c_w.l(_printf_char_file.o)(c_w.l)
    0x08000884   0x0000000c   Code   RO         2995    .text               c_w.l(rt_locale_intlibspace.o)(c_w.l)
    0x08000890   0x0000000c   Code   RO         3000    .text               c_w.l(rt_errno_addr_intlibspace.o)(c_w.l)
    0x0800089c   0x0000008a   Code   RO         3002    .text               c_w.l(lludiv10.o)(c_w.l)
    0x08000926   0x00000002   PAD
    0x08000928   0x00000030   Code   RO         3004    .text               c_w.l(_printf_char_common.o)(c_w.l)
    0x08000958   0x0000007c   Code   RO         3006    .text               c_w.l(_printf_fp_infnan.o)(c_w.l)
    0x080009d4   0x000000ec   Code   RO         3008    .text               c_w.l(bigflt0.o)(c_w.l)
    0x08000ac0   0x00000008   Code   RO         3033    .text               c_w.l(ferror.o)(c_w.l)
    0x08000ac8   0x00000010   Code   RO         3040    .text               c_w.l(rtudiv10.o)(c_w.l)
    0x08000ad8   0x00000008   Code   RO         3050    .text               c_w.l(libspace.o)(c_w.l)
    0x08000ae0   0x0000004a   Code   RO         3053    .text               c_w.l(sys_stackheap_outer.o)(c_w.l)
    0x08000b2a   0x0000000c   Code   RO         3057    .text               c_w.l(exit.o)(c_w.l)
    0x08000b36   0x00000002   PAD
    0x08000b38   0x00000080   Code   RO         3059    .text               c_w.l(strcmpv7m.o)(c_w.l)
    0x08000bb8   0x0000000c   Code   RO         3128    .text               c_w.l(rt_fp_status_addr_intlibspace.o)(c_w.l)
    0x08000bc4   0x0000003e   Code   RO         3011    CL$$btod_d2e        c_w.l(btod.o)(c_w.l)
    0x08000c02   0x00000046   Code   RO         3013    CL$$btod_d2e_denorm_low  c_w.l(btod.o)(c_w.l)
    0x08000c48   0x00000060   Code   RO         3012    CL$$btod_d2e_norm_op1  c_w.l(btod.o)(c_w.l)
    0x08000ca8   0x00000338   Code   RO         3021    CL$$btod_div_common  c_w.l(btod.o)(c_w.l)
    0x08000fe0   0x000000c6   Code   RO         3018    CL$$btod_e2e        c_w.l(btod.o)(c_w.l)
    0x080010a6   0x00000028   Code   RO         3015    CL$$btod_ediv       c_w.l(btod.o)(c_w.l)
    0x080010ce   0x00000028   Code   RO         3014    CL$$btod_emul       c_w.l(btod.o)(c_w.l)
    0x080010f6   0x00000244   Code   RO         3020    CL$$btod_mult_common  c_w.l(btod.o)(c_w.l)
    0x0800133a   0x00000002   Code   RO          220    i.ADC_IRQHandler    stm32f10x_it.o
    0x0800133c   0x000001f8   Code   RO          746    i.ADE7878_BASICCONFIG  ade7878.o
    0x08001534   0x00000048   Code   RO          747    i.ADE7878_CORRECTCONFIG  ade7878.o
    0x0800157c   0x0000002c   Code   RO          748    i.ADE7878_GPIOCONFIG  ade7878.o
    0x080015a8   0x00000048   Code   RO          749    i.ADE7878_PSM0_Enable  ade7878.o
    0x080015f0   0x00000080   Code   RO          750    i.ADE7878_SPI_Enable  ade7878.o
    0x08001670   0x0000002a   Code   RO          751    i.ADE7878_init      ade7878.o
    0x0800169a   0x00000002   Code   RO           11    i.App_TCBInitHook   app.o
    0x0800169c   0x00000078   Code   RO           12    i.App_TaskCreate    app.o
    0x08001714   0x00000002   Code   RO           13    i.App_TaskCreateHook  app.o
    0x08001716   0x00000002   Code   RO           15    i.App_TaskIdleHook  app.o
    0x08001718   0x00000038   Code   RO           16    i.App_TaskStart     app.o
    0x08001750   0x00000002   Code   RO           17    i.App_TaskStatHook  app.o
    0x08001752   0x00000002   Code   RO           18    i.App_TaskSwHook    app.o
    0x08001754   0x00000094   Code   RO          689    i.BSP_Init          bsp.o
    0x080017e8   0x00000002   Code   RO          222    i.CAN_RX1_IRQHandler  stm32f10x_it.o
    0x080017ea   0x00000002   Code   RO          223    i.CAN_SCE_IRQHandler  stm32f10x_it.o
    0x080017ec   0x00000002   Code   RO          228    i.DMAChannel1_IRQHandler  stm32f10x_it.o
    0x080017ee   0x00000002   Code   RO          229    i.DMAChannel2_IRQHandler  stm32f10x_it.o
    0x080017f0   0x00000002   Code   RO          230    i.DMAChannel3_IRQHandler  stm32f10x_it.o
    0x080017f2   0x00000002   Code   RO          231    i.DMAChannel4_IRQHandler  stm32f10x_it.o
    0x080017f4   0x00000002   Code   RO          232    i.DMAChannel5_IRQHandler  stm32f10x_it.o
    0x080017f6   0x00000002   Code   RO          233    i.DMAChannel6_IRQHandler  stm32f10x_it.o
    0x080017f8   0x00000002   Code   RO          234    i.DMAChannel7_IRQHandler  stm32f10x_it.o
    0x080017fa   0x00000002   Code   RO          236    i.EXTI0_IRQHandler  stm32f10x_it.o
    0x080017fc   0x00000080   Code   RO          237    i.EXTI15_10_IRQHandler  stm32f10x_it.o
    0x0800187c   0x00000002   Code   RO          238    i.EXTI1_IRQHandler  stm32f10x_it.o
    0x0800187e   0x00000002   Code   RO          239    i.EXTI2_IRQHandler  stm32f10x_it.o
    0x08001880   0x00000002   Code   RO          240    i.EXTI3_IRQHandler  stm32f10x_it.o
    0x08001882   0x00000002   Code   RO          241    i.EXTI4_IRQHandler  stm32f10x_it.o
    0x08001884   0x00000002   Code   RO          242    i.EXTI9_5_IRQHandler  stm32f10x_it.o
    0x08001886   0x00000002   PAD
    0x08001888   0x0000000c   Code   RO         1410    i.EXTI_ClearITPendingBit  stm32f10x_exti.o
    0x08001894   0x00000068   Code   RO          806    i.EXTI_Config       exti.o
    0x080018fc   0x00000020   Code   RO         1414    i.EXTI_GetITStatus  stm32f10x_exti.o
    0x0800191c   0x00000084   Code   RO         1415    i.EXTI_Init         stm32f10x_exti.o
    0x080019a0   0x00000002   Code   RO          243    i.FLASH_IRQHandler  stm32f10x_it.o
    0x080019a2   0x00000002   PAD
    0x080019a4   0x00000028   Code   RO          918    i.GPIO_EXTILineConfig  stm32f10x_gpio.o
    0x080019cc   0x000000a6   Code   RO          921    i.GPIO_Init         stm32f10x_gpio.o
    0x08001a72   0x00000004   Code   RO          928    i.GPIO_ResetBits    stm32f10x_gpio.o
    0x08001a76   0x00000004   Code   RO          929    i.GPIO_SetBits      stm32f10x_gpio.o
    0x08001a7a   0x00000002   Code   RO          246    i.I2C1_ER_IRQHandler  stm32f10x_it.o
    0x08001a7c   0x00000002   Code   RO          247    i.I2C1_EV_IRQHandler  stm32f10x_it.o
    0x08001a7e   0x00000002   Code   RO          248    i.I2C2_ER_IRQHandler  stm32f10x_it.o
    0x08001a80   0x00000002   Code   RO          249    i.I2C2_EV_IRQHandler  stm32f10x_it.o
    0x08001a82   0x0000005c   Code   RO          879    i.NVIC_Init         misc.o
    0x08001ade   0x00000002   PAD
    0x08001ae0   0x00000014   Code   RO          880    i.NVIC_PriorityGroupConfig  misc.o
    0x08001af4   0x0000002a   Code   RO         2270    i.OSInit            os_core.o
    0x08001b1e   0x00000002   Code   RO         2155    i.OSInitHookBegin   os_cpu_c.o
    0x08001b20   0x00000002   Code   RO         2156    i.OSInitHookEnd     os_cpu_c.o
    0x08001b22   0x00000002   PAD
    0x08001b24   0x00000058   Code   RO         2272    i.OSIntExit         os_core.o
    0x08001b7c   0x00000044   Code   RO         2577    i.OSMboxCreate      os_mbox.o
    0x08001bc0   0x000000d0   Code   RO         2579    i.OSMboxPend        os_mbox.o
    0x08001c90   0x0000004e   Code   RO         2581    i.OSMboxPost        os_mbox.o
    0x08001cde   0x00000002   PAD
    0x08001ce0   0x00000044   Code   RO         2649    i.OSSemCreate       os_sem.o
    0x08001d24   0x000000b8   Code   RO         2651    i.OSSemPend         os_sem.o
    0x08001ddc   0x00000054   Code   RO         2653    i.OSSemPost         os_sem.o
    0x08001e30   0x00000030   Code   RO         2275    i.OSStart           os_core.o
    0x08001e60   0x00000034   Code   RO         2276    i.OSStatInit        os_core.o
    0x08001e94   0x00000004   Code   RO         2157    i.OSTCBInitHook     os_cpu_c.o
    0x08001e98   0x00000088   Code   RO         2703    i.OSTaskCreate      os_task.o
    0x08001f20   0x000000a0   Code   RO         2704    i.OSTaskCreateExt   os_task.o
    0x08001fc0   0x00000004   Code   RO         2158    i.OSTaskCreateHook  os_cpu_c.o
    0x08001fc4   0x00000004   Code   RO         2160    i.OSTaskIdleHook    os_cpu_c.o
    0x08001fc8   0x0000008c   Code   RO         2708    i.OSTaskNameSet     os_task.o
    0x08002054   0x00000004   Code   RO         2161    i.OSTaskStatHook    os_cpu_c.o
    0x08002058   0x00000074   Code   RO         2711    i.OSTaskStkChk      os_task.o
    0x080020cc   0x00000064   Code   RO         2162    i.OSTaskStkInit     os_cpu_c.o
    0x08002130   0x00000004   Code   RO         2163    i.OSTaskSwHook      os_cpu_c.o
    0x08002134   0x00000058   Code   RO         2780    i.OSTimeDly         os_time.o
    0x0800218c   0x00000060   Code   RO         2781    i.OSTimeDlyHMSM     os_time.o
    0x080021ec   0x00000018   Code   RO         2784    i.OSTimeSet         os_time.o
    0x08002204   0x000000b4   Code   RO         2277    i.OSTimeTick        os_core.o
    0x080022b8   0x00000002   Code   RO         2164    i.OSTimeTickHook    os_cpu_c.o
    0x080022ba   0x00000002   PAD
    0x080022bc   0x00000040   Code   RO          690    i.OS_CPU_SysTickInit  bsp.o
    0x080022fc   0x00000038   Code   RO         2280    i.OS_EventTOAbort   os_core.o
    0x08002334   0x0000008c   Code   RO         2281    i.OS_EventTaskRdy   os_core.o
    0x080023c0   0x00000048   Code   RO         2282    i.OS_EventTaskWait  os_core.o
    0x08002408   0x00000016   Code   RO         2283    i.OS_EventWaitListInit  os_core.o
    0x0800241e   0x00000002   PAD
    0x08002420   0x00000044   Code   RO         2500    i.OS_FlagInit       os_flag.o
    0x08002464   0x00000044   Code   RO         2284    i.OS_InitEventList  os_core.o
    0x080024a8   0x00000020   Code   RO         2285    i.OS_InitMisc       os_core.o
    0x080024c8   0x00000028   Code   RO         2286    i.OS_InitRdyList    os_core.o
    0x080024f0   0x00000054   Code   RO         2287    i.OS_InitTCBList    os_core.o
    0x08002544   0x00000050   Code   RO         2288    i.OS_InitTaskIdle   os_core.o
    0x08002594   0x00000050   Code   RO         2289    i.OS_InitTaskStat   os_core.o
    0x080025e4   0x00000012   Code   RO         2290    i.OS_MemClr         os_core.o
    0x080025f6   0x00000002   PAD
    0x080025f8   0x00000048   Code   RO         2292    i.OS_Sched          os_core.o
    0x08002640   0x00000020   Code   RO         2293    i.OS_SchedNew       os_core.o
    0x08002660   0x0000001c   Code   RO         2294    i.OS_StrCopy        os_core.o
    0x0800267c   0x00000014   Code   RO         2295    i.OS_StrLen         os_core.o
    0x08002690   0x000000f0   Code   RO         2296    i.OS_TCBInit        os_core.o
    0x08002780   0x0000001c   Code   RO         2297    i.OS_TaskIdle       os_core.o
    0x0800279c   0x00000060   Code   RO         2298    i.OS_TaskStat       os_core.o
    0x080027fc   0x00000038   Code   RO         2299    i.OS_TaskStatStkChk  os_core.o
    0x08002834   0x00000016   Code   RO         2713    i.OS_TaskStkClr     os_task.o
    0x0800284a   0x00000002   Code   RO          252    i.PVD_IRQHandler    stm32f10x_it.o
    0x0800284c   0x00000018   Code   RO         1031    i.RCC_APB1PeriphClockCmd  stm32f10x_rcc.o
    0x08002864   0x00000018   Code   RO         1033    i.RCC_APB2PeriphClockCmd  stm32f10x_rcc.o
    0x0800287c   0x00000004   Code   RO          691    i.RCC_Configuration  bsp.o
    0x08002880   0x000000a8   Code   RO         1041    i.RCC_GetClocksFreq  stm32f10x_rcc.o
    0x08002928   0x00000002   Code   RO          254    i.RCC_IRQHandler    stm32f10x_it.o
    0x0800292a   0x00000002   Code   RO          255    i.RTCAlarm_IRQHandler  stm32f10x_it.o
    0x0800292c   0x00000002   Code   RO          256    i.RTC_IRQHandler    stm32f10x_it.o
    0x0800292e   0x00000002   PAD
    0x08002930   0x00000058   Code   RO          752    i.Read_ADE7878_SPI  ade7878.o
    0x08002988   0x00000002   Code   RO          258    i.SPI1_IRQHandler   stm32f10x_it.o
    0x0800298a   0x00000002   Code   RO          259    i.SPI2_IRQHandler   stm32f10x_it.o
    0x0800298c   0x000000bc   Code   RO          818    i.SPI2_Init         spi.o
    0x08002a48   0x00000034   Code   RO          819    i.SPI2_ReadWrite    spi.o
    0x08002a7c   0x00000016   Code   RO         2016    i.SPI_Cmd           stm32f10x_spi.o
    0x08002a92   0x0000000e   Code   RO         2024    i.SPI_I2S_GetFlagStatus  stm32f10x_spi.o
    0x08002aa0   0x00000004   Code   RO         2027    i.SPI_I2S_ReceiveData  stm32f10x_spi.o
    0x08002aa4   0x00000004   Code   RO         2028    i.SPI_I2S_SendData  stm32f10x_spi.o
    0x08002aa8   0x00000038   Code   RO         2029    i.SPI_Init          stm32f10x_spi.o
    0x08002ae0   0x00000004   Code   RO         2832    i.SetSysClock       system_stm32f10x.o
    0x08002ae4   0x0000009c   Code   RO         2833    i.SetSysClockTo72   system_stm32f10x.o
    0x08002b80   0x00000024   Code   RO          262    i.SysTickHandler    stm32f10x_it.o
    0x08002ba4   0x00000040   Code   RO         2835    i.SystemInit        system_stm32f10x.o
    0x08002be4   0x00000002   Code   RO          263    i.TAMPER_IRQHandler  stm32f10x_it.o
    0x08002be6   0x00000002   Code   RO          264    i.TIM1_BRK_IRQHandler  stm32f10x_it.o
    0x08002be8   0x00000002   Code   RO          265    i.TIM1_CC_IRQHandler  stm32f10x_it.o
    0x08002bea   0x00000002   Code   RO          266    i.TIM1_TRG_COM_IRQHandler  stm32f10x_it.o
    0x08002bec   0x00000002   Code   RO          267    i.TIM1_UP_IRQHandler  stm32f10x_it.o
    0x08002bee   0x00000002   Code   RO          268    i.TIM2_IRQHandler   stm32f10x_it.o
    0x08002bf0   0x000001f4   Code   RO          269    i.TIM3_IRQHandler   stm32f10x_it.o
    0x08002de4   0x00000078   Code   RO          836    i.TIM3_Init         tim3.o
    0x08002e5c   0x00000002   Code   RO          270    i.TIM4_IRQHandler   stm32f10x_it.o
    0x08002e5e   0x00000016   Code   RO         1467    i.TIM_ARRPreloadConfig  stm32f10x_tim.o
    0x08002e74   0x00000006   Code   RO         1474    i.TIM_ClearITPendingBit  stm32f10x_tim.o
    0x08002e7a   0x00000016   Code   RO         1479    i.TIM_Cmd           stm32f10x_tim.o
    0x08002e90   0x00000018   Code   RO         1500    i.TIM_GetITStatus   stm32f10x_tim.o
    0x08002ea8   0x00000012   Code   RO         1504    i.TIM_ITConfig      stm32f10x_tim.o
    0x08002eba   0x00000002   PAD
    0x08002ebc   0x0000009c   Code   RO         1550    i.TIM_TimeBaseInit  stm32f10x_tim.o
    0x08002f58   0x000002f4   Code   RO           19    i.Task_Send1        app.o
    0x0800324c   0x00000118   Code   RO           20    i.Task_Send2        app.o
    0x08003364   0x00000002   Code   RO          280    i.USART1_IRQHandler  stm32f10x_it.o
    0x08003366   0x00000002   Code   RO          281    i.USART2_IRQHandler  stm32f10x_it.o
    0x08003368   0x00000002   Code   RO          282    i.USART3_IRQHandler  stm32f10x_it.o
    0x0800336a   0x00000008   Code   RO         1229    i.USART_ClearFlag   stm32f10x_usart.o
    0x08003372   0x00000016   Code   RO         1233    i.USART_Cmd         stm32f10x_usart.o
    0x08003388   0x0000008c   Code   RO          652    i.USART_Config      com.o
    0x08003414   0x0000000e   Code   RO         1236    i.USART_GetFlagStatus  stm32f10x_usart.o
    0x08003422   0x00000002   PAD
    0x08003424   0x000000bc   Code   RO         1240    i.USART_Init        stm32f10x_usart.o
    0x080034e0   0x00000008   Code   RO         1250    i.USART_SendData    stm32f10x_usart.o
    0x080034e8   0x00000002   Code   RO          283    i.USBWakeUp_IRQHandler  stm32f10x_it.o
    0x080034ea   0x00000002   Code   RO          284    i.USB_HP_CAN_TX_IRQHandler  stm32f10x_it.o
    0x080034ec   0x00000002   Code   RO          285    i.USB_LP_CAN_RX0_IRQHandler  stm32f10x_it.o
    0x080034ee   0x00000002   Code   RO          287    i.WWDG_IRQHandler   stm32f10x_it.o
    0x080034f0   0x00000054   Code   RO          753    i.Write_ADE7878_SPI  ade7878.o
    0x08003544   0x00000028   Code   RO         3048    i.__ARM_fpclassify  m_ws.l(fpclassify.o)(m_ws.l)
    0x0800356c   0x00000002   Code   RO          848    i._sys_exit         printf.o
    0x0800356e   0x00000016   Code   RO          754    i.ade7878_delay     ade7878.o
    0x08003584   0x00000024   Code   RO          850    i.fputc             printf.o
    0x080035a8   0x00000030   Code   RO           21    i.main              app.o
    0x080035d8   0x0000004a   Code   RO         2941    i.sqrt              m_ws.l(sqrt.o)(m_ws.l)
    0x08003622   0x00000002   PAD
    0x08003624   0x0000002c   Code   RO         3038    locale$$code        c_w.l(lc_numeric_c.o)(c_w.l)
    0x08003650   0x00000062   Code   RO         2902    x$fpl$d2f           fz_ws.l(d2f.o)(fz_ws.l)
    0x080036b2   0x00000002   PAD
    0x080036b4   0x0000014c   Code   RO         2904    x$fpl$dadd          fz_ws.l(daddsub_clz.o)(fz_ws.l)
    0x08003800   0x00000010   Code   RO         2959    x$fpl$dcheck1       fz_ws.l(dcheck1.o)(fz_ws.l)
    0x08003810   0x000002b0   Code   RO         2911    x$fpl$ddiv          fz_ws.l(ddiv.o)(fz_ws.l)
    0x08003ac0   0x0000002e   Code   RO         2915    x$fpl$dflt          fz_ws.l(dflt_clz.o)(fz_ws.l)
    0x08003aee   0x00000026   Code   RO         2914    x$fpl$dfltu         fz_ws.l(dflt_clz.o)(fz_ws.l)
    0x08003b14   0x00000154   Code   RO         2920    x$fpl$dmul          fz_ws.l(dmul.o)(fz_ws.l)
    0x08003c68   0x0000009c   Code   RO         2963    x$fpl$dnaninf       fz_ws.l(dnaninf.o)(fz_ws.l)
    0x08003d04   0x0000000c   Code   RO         2965    x$fpl$dretinf       fz_ws.l(dretinf.o)(fz_ws.l)
    0x08003d10   0x000001cc   Code   RO         2967    x$fpl$dsqrt         fz_ws.l(dsqrt_noumaal.o)(fz_ws.l)
    0x08003edc   0x000001d4   Code   RO         2906    x$fpl$dsub          fz_ws.l(daddsub_clz.o)(fz_ws.l)
    0x080040b0   0x00000056   Code   RO         2922    x$fpl$f2d           fz_ws.l(f2d.o)(fz_ws.l)
    0x08004106   0x00000002   PAD
    0x08004108   0x00000030   Code   RO         2925    x$fpl$fflt          fz_ws.l(fflt_clz.o)(fz_ws.l)
    0x08004138   0x00000026   Code   RO         2924    x$fpl$ffltu         fz_ws.l(fflt_clz.o)(fz_ws.l)
    0x0800415e   0x0000008c   Code   RO         2969    x$fpl$fnaninf       fz_ws.l(fnaninf.o)(fz_ws.l)
    0x080041ea   0x0000000e   Code   RO         3115    x$fpl$fpinit        fz_ws.l(fpinit.o)(fz_ws.l)
    0x080041f8   0x0000000a   Code   RO         2971    x$fpl$fretinf       fz_ws.l(fretinf.o)(fz_ws.l)
    0x08004202   0x00000004   Code   RO         2930    x$fpl$printf1       fz_ws.l(printf1.o)(fz_ws.l)
    0x08004206   0x00000064   Code   RO         3046    x$fpl$retnan        fz_ws.l(retnan.o)(fz_ws.l)
    0x0800426a   0x00000060   Code   RO         2935    x$fpl$scalbn        fz_ws.l(scalbn.o)(fz_ws.l)
    0x080042ca   0x00000030   Code   RO         3109    x$fpl$trapveneer    fz_ws.l(trapv.o)(fz_ws.l)
    0x080042fa   0x00000000   Code   RO         2973    x$fpl$usenofp       fz_ws.l(usenofp.o)(fz_ws.l)
    0x080042fa   0x00000100   Data   RO         2302    .constdata          os_core.o
    0x080043fa   0x00000002   PAD
    0x080043fc   0x00000094   Data   RO         3009    .constdata          c_w.l(bigflt0.o)(c_w.l)
    0x08004490   0x00000020   Data   RO         3190    Region$$Table       anon$$obj.o
    0x080044b0   0x0000001c   Data   RO         3037    locale$$data        c_w.l(lc_numeric_c.o)(c_w.l)


    Execution Region RW_IRAM1 (Base: 0x20000000, Size: 0x00001ed0, Max: 0x00010000, ABSOLUTE)

    Base Addr    Size         Type   Attr      Idx    E Section Name        Object

    0x20000000   0x0000004c   Data   RW           25    .data               app.o
    0x2000004c   0x0000001c   Data   RW          289    .data               stm32f10x_it.o
    0x20000068   0x00000004   Data   RW          291    .data               stm32f10x_it.o
    0x2000006c   0x00000004   Data   RW          851    .data               printf.o
    0x20000070   0x00000014   Data   RW         1061    .data               stm32f10x_rcc.o
    0x20000084   0x00000038   Data   RW         2303    .data               os_core.o
    0x200000bc   0x00000004   Data   RW         2304    .data               os_core.o
    0x200000c0   0x00000a00   Zero   RW           22    .bss                app.o
    0x20000ac0   0x00000140   Zero   RW          288    .bss                stm32f10x_it.o
    0x20000c00   0x000009e0   Zero   RW         2300    .bss                os_core.o
    0x200015e0   0x0000008c   Zero   RW         2301    .bss                os_core.o
    0x2000166c   0x00000060   Zero   RW         3051    .bss                c_w.l(libspace.o)(c_w.l)
    0x200016cc   0x00000004   PAD
    0x200016d0   0x00000400   Zero   RW            2    HEAP                stm32f10x_startup.o
    0x20001ad0   0x00000400   Zero   RW            1    STACK               stm32f10x_startup.o


==============================================================================

Image component sizes


      Code (inc. data)   RO Data    RW Data    ZI Data      Debug   Object Name

      1056         92          0          0          0          0   ade7878.o
      1270        216          0         76       2560          0   app.o
       216         24          0          0          0          0   bsp.o
       140         10          0          0          0          0   com.o
        22          0          0          0          0          0   cpu_a.o
       104          6          0          0          0          0   exti.o
       112         10          0          0          0          0   misc.o
      1674        174        256         60       2668          0   os_core.o
       168         40          0          0          0          0   os_cpu_a.o
       126          0          0          0          0          0   os_cpu_c.o
        68         10          0          0          0          0   os_flag.o
       354         20          0          0          0          0   os_mbox.o
       336         22          0          0          0          0   os_sem.o
       574         48          0          0          0          0   os_task.o
       208         26          0          0          0          0   os_time.o
        38          6          0          4          0          0   printf.o
       240         14          0          0          0          0   spi.o
       176         16          0          0          0          0   stm32f10x_exti.o
       214          6          0          0          0          0   stm32f10x_gpio.o
       746        130          0         32        320          0   stm32f10x_it.o
       216         24          0         20          0          0   stm32f10x_rcc.o
       100          0          0          0          0          0   stm32f10x_spi.o
       308        280          0          0       2048          0   stm32f10x_startup.o
       248         42          0          0          0          0   stm32f10x_tim.o
       240          4          0          0          0          0   stm32f10x_usart.o
       224         22          0          0          0          0   system_stm32f10x.o
       120          4          0          0          0          0   tim3.o

    ----------------------------------------------------------------------
      9320       1246        290        192       7596          0   Object Totals
         0          0         32          0          0          0   (incl. Generated)
        22          0          2          0          0          1   (incl. Padding)

    ----------------------------------------------------------------------

      Code (inc. data)   RO Data    RW Data    ZI Data      Debug   Library Member Name

         8          0          0          0          0          0   __main.o
       286          0          0          0          0          0   __printf_wp.o
        52          8          0          0          0          0   __scatter.o
        26          0          0          0          0          0   __scatter_copy.o
        28          0          0          0          0          0   __scatter_zi.o
        48          6          0          0          0          0   _printf_char_common.o
        36          4          0          0          0          0   _printf_char_file.o
         6          0          0          0          0          0   _printf_f.o
      1038          0          0          0          0          0   _printf_fp_dec.o
       124         16          0          0          0          0   _printf_fp_infnan.o
        80          0          0          0          0          0   _printf_pad.o
         0          0          0          0          0          0   _printf_percent.o
         4          0          0          0          0          0   _printf_percent_end.o
        22          0          0          0          0          0   _rserrno.o
       236          6        148          0          0          0   bigflt0.o
      1910        128          0          0          0          0   btod.o
        12          0          0          0          0          0   exit.o
         8          0          0          0          0          0   ferror.o
         6          0          0          0          0          0   heapauxi.o
        44         10         28          0          0          0   lc_numeric_c.o
         6          0          0          0          0          0   libinit.o
        18          0          0          0          0          0   libinit2.o
         2          0          0          0          0          0   libshutdown.o
         2          0          0          0          0          0   libshutdown2.o
         8          4          0          0         96          0   libspace.o
       138          0          0          0          0          0   lludiv10.o
        24          4          0          0          0          0   noretval__2printf.o
        12          4          0          0          0          0   rt_errno_addr_intlibspace.o
        12          4          0          0          0          0   rt_fp_status_addr_intlibspace.o
        12          4          0          0          0          0   rt_locale_intlibspace.o
         0          0          0          0          0          0   rtentry.o
        12          0          0          0          0          0   rtentry2.o
         6          0          0          0          0          0   rtentry4.o
         2          0          0          0          0          0   rtexit.o
        10          0          0          0          0          0   rtexit2.o
        16          0          0          0          0          0   rtudiv10.o
       128          0          0          0          0          0   strcmpv7m.o
        74          0          0          0          0          0   sys_stackheap_outer.o
         2          0          0          0          0          0   use_no_semi.o
         2          0          0          0          0          0   use_no_semi_2.o
        98          4          0          0          0          0   d2f.o
       800         16          0          0          0          0   daddsub_clz.o
        16          4          0          0          0          0   dcheck1.o
       688        140          0          0          0          0   ddiv.o
        84          0          0          0          0          0   dflt_clz.o
       340         12          0          0          0          0   dmul.o
       156          4          0          0          0          0   dnaninf.o
        12          0          0          0          0          0   dretinf.o
       460         56          0          0          0          0   dsqrt_noumaal.o
        86          4          0          0          0          0   f2d.o
        86          0          0          0          0          0   fflt_clz.o
       140          4          0          0          0          0   fnaninf.o
        14          0          0          0          0          0   fpinit.o
        10          0          0          0          0          0   fretinf.o
         4          0          0          0          0          0   printf1.o
       100          0          0          0          0          0   retnan.o
        96          0          0          0          0          0   scalbn.o
        48          0          0          0          0          0   trapv.o
         0          0          0          0          0          0   usenofp.o
        40          0          0          0          0          0   fpclassify.o
        74          0          0          0          0          0   sqrt.o

    ----------------------------------------------------------------------
      7826        442        176          0        100          0   Library Totals
        14          0          0          0          4          0   (incl. Padding)

    ----------------------------------------------------------------------

      Code (inc. data)   RO Data    RW Data    ZI Data      Debug   Library Name

      4460        198        176          0         96       2764   c_w.l
      3238        244          0          0          0       1884   fz_ws.l
       114          0          0          0          0        152   m_ws.l

    ----------------------------------------------------------------------
      7826        442        176          0        100          0   Library Totals

    ----------------------------------------------------------------------

==============================================================================


      Code (inc. data)   RO Data    RW Data    ZI Data      Debug   

     17146       1688        466        192       7696     394324   Grand Totals
     17146       1688        466        192       7696     394324   ELF Image Totals
     17146       1688        466        192          0          0   ROM Totals

==============================================================================

    Total RO  Size (Code + RO Data)                17612 (  17.20kB)
    Total RW  Size (RW Data + ZI Data)              7888 (   7.70kB)
    Total ROM Size (Code + RO Data + RW Data)      17804 (  17.39kB)

==============================================================================

